---
http_interactions:
- request:
    method: get
    uri: unix:///var/run/docker.sock/v1.24/containers/deployupgradetest/json
    body:
      encoding: US-ASCII
      string: ''
    headers:
      User-Agent:
      - Swipely/Docker-API 1.32.1
      Content-Type:
      - text/plain
  response:
    status:
      code: 404
      message: 
    headers:
      Content-Type:
      - application/json
      Server:
      - Docker/1.12.3 (linux)
      Date:
      - Tue, 29 Nov 2016 12:54:47 GMT
      Content-Length:
      - '51'
    body:
      encoding: ASCII-8BIT
      string: '{"message":"No such container: deployupgradetest"}

'
    http_version: 
  recorded_at: Tue, 29 Nov 2016 12:54:47 GMT
- request:
    method: get
    uri: unix:///var/run/docker.sock/v1.24/containers/deployupgradetest/json
    body:
      encoding: US-ASCII
      string: ''
    headers:
      User-Agent:
      - Swipely/Docker-API 1.32.1
      Content-Type:
      - text/plain
  response:
    status:
      code: 404
      message: 
    headers:
      Content-Type:
      - application/json
      Server:
      - Docker/1.12.3 (linux)
      Date:
      - Tue, 29 Nov 2016 12:54:47 GMT
      Content-Length:
      - '51'
    body:
      encoding: ASCII-8BIT
      string: '{"message":"No such container: deployupgradetest"}

'
    http_version: 
  recorded_at: Tue, 29 Nov 2016 12:54:47 GMT
- request:
    method: get
    uri: unix:///var/run/docker.sock/v1.24/containers/deployupgradetest/json
    body:
      encoding: US-ASCII
      string: ''
    headers:
      User-Agent:
      - Swipely/Docker-API 1.32.1
      Content-Type:
      - text/plain
  response:
    status:
      code: 404
      message: 
    headers:
      Content-Type:
      - application/json
      Server:
      - Docker/1.12.3 (linux)
      Date:
      - Tue, 29 Nov 2016 12:54:47 GMT
      Content-Length:
      - '51'
    body:
      encoding: ASCII-8BIT
      string: '{"message":"No such container: deployupgradetest"}

'
    http_version: 
  recorded_at: Tue, 29 Nov 2016 12:54:47 GMT
- request:
    method: get
    uri: unix:///var/run/docker.sock/v1.24/containers/deployupgradetest/json
    body:
      encoding: US-ASCII
      string: ''
    headers:
      User-Agent:
      - Swipely/Docker-API 1.32.1
      Content-Type:
      - text/plain
  response:
    status:
      code: 404
      message: 
    headers:
      Content-Type:
      - application/json
      Server:
      - Docker/1.12.3 (linux)
      Date:
      - Tue, 29 Nov 2016 12:54:47 GMT
      Content-Length:
      - '51'
    body:
      encoding: ASCII-8BIT
      string: '{"message":"No such container: deployupgradetest"}

'
    http_version: 
  recorded_at: Tue, 29 Nov 2016 12:54:47 GMT
- request:
    method: get
    uri: unix:///var/run/docker.sock/v1.24/containers/deployupgradetest/json
    body:
      encoding: US-ASCII
      string: ''
    headers:
      User-Agent:
      - Swipely/Docker-API 1.32.1
      Content-Type:
      - text/plain
  response:
    status:
      code: 404
      message: 
    headers:
      Content-Type:
      - application/json
      Server:
      - Docker/1.12.3 (linux)
      Date:
      - Tue, 29 Nov 2016 12:54:47 GMT
      Content-Length:
      - '51'
    body:
      encoding: ASCII-8BIT
      string: '{"message":"No such container: deployupgradetest"}

'
    http_version: 
  recorded_at: Tue, 29 Nov 2016 12:54:47 GMT
- request:
    method: get
    uri: unix:///var/run/docker.sock/v1.24/containers/deployupgradetest/json
    body:
      encoding: US-ASCII
      string: ''
    headers:
      User-Agent:
      - Swipely/Docker-API 1.32.1
      Content-Type:
      - text/plain
  response:
    status:
      code: 404
      message: 
    headers:
      Content-Type:
      - application/json
      Server:
      - Docker/1.12.3 (linux)
      Date:
      - Tue, 29 Nov 2016 12:54:47 GMT
      Content-Length:
      - '51'
    body:
      encoding: ASCII-8BIT
      string: '{"message":"No such container: deployupgradetest"}

'
    http_version: 
  recorded_at: Tue, 29 Nov 2016 12:54:47 GMT
- request:
    method: get
    uri: unix:///var/run/docker.sock/v1.24/containers/deployupgradetest/json
    body:
      encoding: US-ASCII
      string: ''
    headers:
      User-Agent:
      - Swipely/Docker-API 1.32.1
      Content-Type:
      - text/plain
  response:
    status:
      code: 404
      message: 
    headers:
      Content-Type:
      - application/json
      Server:
      - Docker/1.12.3 (linux)
      Date:
      - Tue, 29 Nov 2016 12:54:47 GMT
      Content-Length:
      - '51'
    body:
      encoding: ASCII-8BIT
      string: '{"message":"No such container: deployupgradetest"}

'
    http_version: 
  recorded_at: Tue, 29 Nov 2016 12:54:47 GMT
- request:
    method: get
    uri: unix:///var/run/docker.sock/v1.24/containers/deployupgradetest/json
    body:
      encoding: US-ASCII
      string: ''
    headers:
      User-Agent:
      - Swipely/Docker-API 1.32.1
      Content-Type:
      - text/plain
  response:
    status:
      code: 404
      message: 
    headers:
      Content-Type:
      - application/json
      Server:
      - Docker/1.12.3 (linux)
      Date:
      - Tue, 29 Nov 2016 12:54:47 GMT
      Content-Length:
      - '51'
    body:
      encoding: ASCII-8BIT
      string: '{"message":"No such container: deployupgradetest"}

'
    http_version: 
  recorded_at: Tue, 29 Nov 2016 12:54:47 GMT
- request:
    method: post
    uri: unix:///var/run/docker.sock/v1.24/containers/create
    body:
      encoding: UTF-8
      string: '{"Ulimits":[{"Name":"nofile","Soft":1024,"Hard":1024}],"WorkingDir":"<%=
        Dir.pwd %>","Env":["PATH=/usr/local/bin:/usr/local/sbin:/usr/bin:/usr/sbin:/bin:/sbin","LANG=en_US.UTF-8","DEBIAN_FRONTEND=noninteractive  "],"Image":"deployupgradetest:latest","Privileged":false,"Cmd":["sh","/tooling-pending/deploy_upgrade_container.sh"],"Volumes":{"<%=
        Dir.pwd %>":{}},"Binds":["<%= Dir.pwd %>:/tooling-pending"]}'
    headers:
      User-Agent:
      - Swipely/Docker-API 1.32.1
      Content-Type:
      - application/json
  response:
    status:
      code: 201
      message: 
    headers:
      Content-Type:
      - application/json
      Server:
      - Docker/1.12.3 (linux)
      Date:
      - Tue, 29 Nov 2016 12:54:48 GMT
      Content-Length:
      - '90'
    body:
      encoding: ASCII-8BIT
      string: '{"Id":"a793300fe10d22527c90f4cd6333f67581de449a7bf317238de59bdac9c5820a","Warnings":null}

'
    http_version: 
  recorded_at: Tue, 29 Nov 2016 12:54:48 GMT
- request:
    method: post
    uri: unix:///var/run/docker.sock/v1.24/containers/a793300fe10d22527c90f4cd6333f67581de449a7bf317238de59bdac9c5820a/rename?name=deployupgradetest
    body:
      encoding: US-ASCII
      string: ''
    headers:
      User-Agent:
      - Swipely/Docker-API 1.32.1
      Content-Type:
      - text/plain
  response:
    status:
      code: 204
      message: 
    headers:
      Server:
      - Docker/1.12.3 (linux)
      Date:
      - Tue, 29 Nov 2016 12:54:48 GMT
    body:
      encoding: ASCII-8BIT
      string: ''
    http_version: 
  recorded_at: Tue, 29 Nov 2016 12:54:48 GMT
- request:
    method: post
    uri: unix:///var/run/docker.sock/v1.24/containers/a793300fe10d22527c90f4cd6333f67581de449a7bf317238de59bdac9c5820a/start
    body:
      encoding: UTF-8
      string: "{}"
    headers:
      User-Agent:
      - Swipely/Docker-API 1.32.1
      Content-Type:
      - application/json
  response:
    status:
      code: 204
      message: 
    headers:
      Server:
      - Docker/1.12.3 (linux)
      Date:
      - Tue, 29 Nov 2016 12:54:49 GMT
    body:
      encoding: ASCII-8BIT
      string: ''
    http_version: 
  recorded_at: Tue, 29 Nov 2016 12:54:49 GMT
- request:
    method: post
    uri: unix:///var/run/docker.sock/v1.24/containers/a793300fe10d22527c90f4cd6333f67581de449a7bf317238de59bdac9c5820a/wait
    body:
      encoding: US-ASCII
      string: ''
    headers:
      User-Agent:
      - Swipely/Docker-API 1.32.1
      Content-Type:
      - text/plain
  response:
    status:
      code: 200
      message: 
    headers:
      Content-Type:
      - application/json
      Server:
      - Docker/1.12.3 (linux)
      Date:
      - Tue, 29 Nov 2016 12:54:49 GMT
      Content-Length:
      - '17'
    body:
      encoding: ASCII-8BIT
      string: '{"StatusCode":1}

'
    http_version: 
  recorded_at: Tue, 29 Nov 2016 12:54:49 GMT
- request:
    method: post
    uri: unix:///var/run/docker.sock/v1.24/containers/a793300fe10d22527c90f4cd6333f67581de449a7bf317238de59bdac9c5820a/stop
    body:
      encoding: UTF-8
      string: "{}"
    headers:
      User-Agent:
      - Swipely/Docker-API 1.32.1
      Content-Type:
      - application/json
  response:
    status:
      code: 304
      message: 
    headers:
      Server:
      - Docker/1.12.3 (linux)
      Date:
      - Tue, 29 Nov 2016 12:54:49 GMT
    body:
      encoding: ASCII-8BIT
      string: ''
    http_version: 
  recorded_at: Tue, 29 Nov 2016 12:54:49 GMT
- request:
    method: get
    uri: unix:///var/run/docker.sock/v1.24/containers/a793300fe10d22527c90f4cd6333f67581de449a7bf317238de59bdac9c5820a/json
    body:
      encoding: US-ASCII
      string: ''
    headers:
      User-Agent:
      - Swipely/Docker-API 1.32.1
      Content-Type:
      - text/plain
  response:
    status:
      code: 200
      message: 
    headers:
      Content-Type:
      - application/json
      Server:
      - Docker/1.12.3 (linux)
      Date:
      - Tue, 29 Nov 2016 12:54:49 GMT
    body:
      encoding: ASCII-8BIT
      string: '{"Id":"a793300fe10d22527c90f4cd6333f67581de449a7bf317238de59bdac9c5820a","Created":"2016-11-29T12:54:47.796065559Z","Path":"sh","Args":["/tooling-pending/deploy_upgrade_container.sh"],"State":{"Status":"exited","Running":false,"Paused":false,"Restarting":false,"OOMKilled":false,"Dead":false,"Pid":0,"ExitCode":1,"Error":"","StartedAt":"2016-11-29T12:54:48.997388613Z","FinishedAt":"2016-11-29T12:54:49.077583139Z"},"Image":"sha256:d1b55fd07600b2e26d667434f414beee12b0771dfd4a2c7b5ed6f2fc9e683b43","ResolvConfPath":"/var/lib/docker/containers/a793300fe10d22527c90f4cd6333f67581de449a7bf317238de59bdac9c5820a/resolv.conf","HostnamePath":"/var/lib/docker/containers/a793300fe10d22527c90f4cd6333f67581de449a7bf317238de59bdac9c5820a/hostname","HostsPath":"/var/lib/docker/containers/a793300fe10d22527c90f4cd6333f67581de449a7bf317238de59bdac9c5820a/hosts","LogPath":"/var/lib/docker/containers/a793300fe10d22527c90f4cd6333f67581de449a7bf317238de59bdac9c5820a/a793300fe10d22527c90f4cd6333f67581de449a7bf317238de59bdac9c5820a-json.log","Name":"/deployupgradetest","RestartCount":0,"Driver":"devicemapper","MountLabel":"","ProcessLabel":"","AppArmorProfile":"","ExecIDs":null,"HostConfig":{"Binds":["<%=
        Dir.pwd %>:/tooling-pending"],"ContainerIDFile":"","LogConfig":{"Type":"json-file","Config":{}},"NetworkMode":"default","PortBindings":null,"RestartPolicy":{"Name":"","MaximumRetryCount":0},"AutoRemove":false,"VolumeDriver":"","VolumesFrom":null,"CapAdd":null,"CapDrop":null,"Dns":null,"DnsOptions":null,"DnsSearch":null,"ExtraHosts":null,"GroupAdd":null,"IpcMode":"","Cgroup":"","Links":null,"OomScoreAdj":0,"PidMode":"","Privileged":false,"PublishAllPorts":false,"ReadonlyRootfs":false,"SecurityOpt":null,"UTSMode":"","UsernsMode":"","ShmSize":67108864,"Runtime":"runc","ConsoleSize":[0,0],"Isolation":"","CpuShares":0,"Memory":0,"CgroupParent":"","BlkioWeight":0,"BlkioWeightDevice":null,"BlkioDeviceReadBps":null,"BlkioDeviceWriteBps":null,"BlkioDeviceReadIOps":null,"BlkioDeviceWriteIOps":null,"CpuPeriod":0,"CpuQuota":0,"CpusetCpus":"","CpusetMems":"","Devices":null,"DiskQuota":0,"KernelMemory":0,"MemoryReservation":0,"MemorySwap":0,"MemorySwappiness":-1,"OomKillDisable":false,"PidsLimit":0,"Ulimits":[{"Name":"nofile","Hard":1024,"Soft":1024}],"CpuCount":0,"CpuPercent":0,"IOMaximumIOps":0,"IOMaximumBandwidth":0},"GraphDriver":{"Name":"devicemapper","Data":{"DeviceId":"293","DeviceName":"docker-259:2-2105330-a3ec92a9d14902244cf91356868e643b9ab1da92f31c10ef10d92c10758738af","DeviceSize":"10737418240"}},"Mounts":[{"Source":"<%=
        Dir.pwd %>","Destination":"/tooling-pending","Mode":"","RW":true,"Propagation":"rprivate"},{"Name":"99c4b9363403660d4b5066a0cb13931f052af426dda07d7dc30c3b2b982efc62","Source":"/var/lib/docker/volumes/99c4b9363403660d4b5066a0cb13931f052af426dda07d7dc30c3b2b982efc62/_data","Destination":"<%=
        Dir.pwd %>","Driver":"local","Mode":"","RW":true,"Propagation":""}],"Config":{"Hostname":"a793300fe10d","Domainname":"","User":"","AttachStdin":false,"AttachStdout":false,"AttachStderr":false,"Tty":false,"OpenStdin":false,"StdinOnce":false,"Env":["PATH=/usr/local/bin:/usr/local/sbin:/usr/bin:/usr/sbin:/bin:/sbin","LANG=en_US.UTF-8","DEBIAN_FRONTEND=noninteractive  "],"Cmd":["sh","/tooling-pending/deploy_upgrade_container.sh"],"Image":"deployupgradetest:latest","Volumes":{"<%=
        Dir.pwd %>":{}},"WorkingDir":"<%= Dir.pwd %>","Entrypoint":null,"OnBuild":null,"Labels":{}},"NetworkSettings":{"Bridge":"","SandboxID":"088de6c9a218fb24bf386e7f0a8438a5828431a53fd4a63f6098558ffa0e9b06","HairpinMode":false,"LinkLocalIPv6Address":"","LinkLocalIPv6PrefixLen":0,"Ports":null,"SandboxKey":"/var/run/docker/netns/088de6c9a218","SecondaryIPAddresses":null,"SecondaryIPv6Addresses":null,"EndpointID":"","Gateway":"","GlobalIPv6Address":"","GlobalIPv6PrefixLen":0,"IPAddress":"","IPPrefixLen":0,"IPv6Gateway":"","MacAddress":"","Networks":{"bridge":{"IPAMConfig":null,"Links":null,"Aliases":null,"NetworkID":"f69fd3a196d74d08cecc88962f8e1b08f32ef01ddbfaf95afabef763deda6c5f","EndpointID":"","Gateway":"","IPAddress":"","IPPrefixLen":0,"IPv6Gateway":"","GlobalIPv6Address":"","GlobalIPv6PrefixLen":0,"MacAddress":""}}}}

'
    http_version: 
  recorded_at: Tue, 29 Nov 2016 12:54:49 GMT
- request:
    method: delete
    uri: unix:///var/run/docker.sock/v1.24/containers/a793300fe10d22527c90f4cd6333f67581de449a7bf317238de59bdac9c5820a
    body:
      encoding: US-ASCII
      string: ''
    headers:
      User-Agent:
      - Swipely/Docker-API 1.32.1
      Content-Type:
      - text/plain
  response:
    status:
      code: 204
      message: 
    headers:
      Server:
      - Docker/1.12.3 (linux)
      Date:
      - Tue, 29 Nov 2016 12:54:55 GMT
    body:
      encoding: ASCII-8BIT
      string: ''
    http_version: 
  recorded_at: Tue, 29 Nov 2016 12:54:55 GMT
recorded_with: VCR 3.0.3
