---
http_interactions:
- request:
    method: get
    uri: unix:///var/run/docker.sock/v1.24/containers/deployupgradetest/json
    body:
      encoding: US-ASCII
      string: ''
    headers:
      User-Agent:
      - Swipely/Docker-API 1.33.4
      Content-Type:
      - text/plain
  response:
    status:
      code: 404
      message: 
    headers:
      Api-Version:
      - '1.29'
      Content-Type:
      - application/json
      Docker-Experimental:
      - 'false'
      Ostype:
      - linux
      Server:
      - Docker/17.05.0-ce-rc3 (linux)
      Date:
      - Tue, 30 May 2017 13:23:21 GMT
      Content-Length:
      - '51'
    body:
      encoding: ASCII-8BIT
      string: '{"message":"No such container: deployupgradetest"}

'
    http_version: 
  recorded_at: Tue, 30 May 2017 13:23:21 GMT
- request:
    method: get
    uri: unix:///var/run/docker.sock/v1.24/containers/deployupgradetest/json
    body:
      encoding: US-ASCII
      string: ''
    headers:
      User-Agent:
      - Swipely/Docker-API 1.33.4
      Content-Type:
      - text/plain
  response:
    status:
      code: 404
      message: 
    headers:
      Api-Version:
      - '1.29'
      Content-Type:
      - application/json
      Docker-Experimental:
      - 'false'
      Ostype:
      - linux
      Server:
      - Docker/17.05.0-ce-rc3 (linux)
      Date:
      - Tue, 30 May 2017 13:23:21 GMT
      Content-Length:
      - '51'
    body:
      encoding: ASCII-8BIT
      string: '{"message":"No such container: deployupgradetest"}

'
    http_version: 
  recorded_at: Tue, 30 May 2017 13:23:21 GMT
- request:
    method: get
    uri: unix:///var/run/docker.sock/v1.24/containers/deployupgradetest/json
    body:
      encoding: US-ASCII
      string: ''
    headers:
      User-Agent:
      - Swipely/Docker-API 1.33.4
      Content-Type:
      - text/plain
  response:
    status:
      code: 404
      message: 
    headers:
      Api-Version:
      - '1.29'
      Content-Type:
      - application/json
      Docker-Experimental:
      - 'false'
      Ostype:
      - linux
      Server:
      - Docker/17.05.0-ce-rc3 (linux)
      Date:
      - Tue, 30 May 2017 13:23:21 GMT
      Content-Length:
      - '51'
    body:
      encoding: ASCII-8BIT
      string: '{"message":"No such container: deployupgradetest"}

'
    http_version: 
  recorded_at: Tue, 30 May 2017 13:23:21 GMT
- request:
    method: get
    uri: unix:///var/run/docker.sock/v1.24/containers/deployupgradetest/json
    body:
      encoding: US-ASCII
      string: ''
    headers:
      User-Agent:
      - Swipely/Docker-API 1.33.4
      Content-Type:
      - text/plain
  response:
    status:
      code: 404
      message: 
    headers:
      Api-Version:
      - '1.29'
      Content-Type:
      - application/json
      Docker-Experimental:
      - 'false'
      Ostype:
      - linux
      Server:
      - Docker/17.05.0-ce-rc3 (linux)
      Date:
      - Tue, 30 May 2017 13:23:21 GMT
      Content-Length:
      - '51'
    body:
      encoding: ASCII-8BIT
      string: '{"message":"No such container: deployupgradetest"}

'
    http_version: 
  recorded_at: Tue, 30 May 2017 13:23:21 GMT
- request:
    method: get
    uri: unix:///var/run/docker.sock/v1.24/containers/deployupgradetest/json
    body:
      encoding: US-ASCII
      string: ''
    headers:
      User-Agent:
      - Swipely/Docker-API 1.33.4
      Content-Type:
      - text/plain
  response:
    status:
      code: 404
      message: 
    headers:
      Api-Version:
      - '1.29'
      Content-Type:
      - application/json
      Docker-Experimental:
      - 'false'
      Ostype:
      - linux
      Server:
      - Docker/17.05.0-ce-rc3 (linux)
      Date:
      - Tue, 30 May 2017 13:23:21 GMT
      Content-Length:
      - '51'
    body:
      encoding: ASCII-8BIT
      string: '{"message":"No such container: deployupgradetest"}

'
    http_version: 
  recorded_at: Tue, 30 May 2017 13:23:21 GMT
- request:
    method: get
    uri: unix:///var/run/docker.sock/v1.24/containers/deployupgradetest/json
    body:
      encoding: US-ASCII
      string: ''
    headers:
      User-Agent:
      - Swipely/Docker-API 1.33.4
      Content-Type:
      - text/plain
  response:
    status:
      code: 404
      message: 
    headers:
      Api-Version:
      - '1.29'
      Content-Type:
      - application/json
      Docker-Experimental:
      - 'false'
      Ostype:
      - linux
      Server:
      - Docker/17.05.0-ce-rc3 (linux)
      Date:
      - Tue, 30 May 2017 13:23:21 GMT
      Content-Length:
      - '51'
    body:
      encoding: ASCII-8BIT
      string: '{"message":"No such container: deployupgradetest"}

'
    http_version: 
  recorded_at: Tue, 30 May 2017 13:23:21 GMT
- request:
    method: get
    uri: unix:///var/run/docker.sock/v1.24/containers/deployupgradetest/json
    body:
      encoding: US-ASCII
      string: ''
    headers:
      User-Agent:
      - Swipely/Docker-API 1.33.4
      Content-Type:
      - text/plain
  response:
    status:
      code: 404
      message: 
    headers:
      Api-Version:
      - '1.29'
      Content-Type:
      - application/json
      Docker-Experimental:
      - 'false'
      Ostype:
      - linux
      Server:
      - Docker/17.05.0-ce-rc3 (linux)
      Date:
      - Tue, 30 May 2017 13:23:21 GMT
      Content-Length:
      - '51'
    body:
      encoding: ASCII-8BIT
      string: '{"message":"No such container: deployupgradetest"}

'
    http_version: 
  recorded_at: Tue, 30 May 2017 13:23:21 GMT
- request:
    method: get
    uri: unix:///var/run/docker.sock/v1.24/containers/deployupgradetest/json
    body:
      encoding: US-ASCII
      string: ''
    headers:
      User-Agent:
      - Swipely/Docker-API 1.33.4
      Content-Type:
      - text/plain
  response:
    status:
      code: 404
      message: 
    headers:
      Api-Version:
      - '1.29'
      Content-Type:
      - application/json
      Docker-Experimental:
      - 'false'
      Ostype:
      - linux
      Server:
      - Docker/17.05.0-ce-rc3 (linux)
      Date:
      - Tue, 30 May 2017 13:23:21 GMT
      Content-Length:
      - '51'
    body:
      encoding: ASCII-8BIT
      string: '{"message":"No such container: deployupgradetest"}

'
    http_version: 
  recorded_at: Tue, 30 May 2017 13:23:21 GMT
- request:
    method: post
    uri: unix:///var/run/docker.sock/v1.24/containers/create
    body:
      encoding: UTF-8
      string: '{"Image":"deployupgradetest:latest","HostConfig":{"Privileged":false,"Ulimits":[{"Name":"nofile","Soft":1024,"Hard":1024}],"Binds":["<%=
        Dir.pwd %>:/tooling-pending"]},"Cmd":["sh","/tooling-pending/deploy_upgrade_container.sh"],"WorkingDir":"<%=
        Dir.pwd %>","Env":["PATH=/usr/local/bin:/usr/local/sbin:/usr/bin:/usr/sbin:/bin:/sbin","LANG=en_US.UTF-8","DEBIAN_FRONTEND=noninteractive  "],"Volumes":{"<%=
        Dir.pwd %>":{}}}'
    headers:
      User-Agent:
      - Swipely/Docker-API 1.33.4
      Content-Type:
      - application/json
  response:
    status:
      code: 201
      message: 
    headers:
      Api-Version:
      - '1.29'
      Content-Type:
      - application/json
      Docker-Experimental:
      - 'false'
      Ostype:
      - linux
      Server:
      - Docker/17.05.0-ce-rc3 (linux)
      Date:
      - Tue, 30 May 2017 13:23:21 GMT
      Content-Length:
      - '90'
    body:
      encoding: ASCII-8BIT
      string: '{"Id":"8facf7b952460d1ee78ece52bb57bf2828ff2a18e1fb9e2bf5d580e51d9e6a48","Warnings":null}

'
    http_version: 
  recorded_at: Tue, 30 May 2017 13:23:21 GMT
- request:
    method: post
    uri: unix:///var/run/docker.sock/v1.24/containers/8facf7b952460d1ee78ece52bb57bf2828ff2a18e1fb9e2bf5d580e51d9e6a48/rename?name=deployupgradetest
    body:
      encoding: US-ASCII
      string: ''
    headers:
      User-Agent:
      - Swipely/Docker-API 1.33.4
      Content-Type:
      - text/plain
  response:
    status:
      code: 204
      message: 
    headers:
      Api-Version:
      - '1.29'
      Docker-Experimental:
      - 'false'
      Ostype:
      - linux
      Server:
      - Docker/17.05.0-ce-rc3 (linux)
      Date:
      - Tue, 30 May 2017 13:23:21 GMT
    body:
      encoding: ASCII-8BIT
      string: ''
    http_version: 
  recorded_at: Tue, 30 May 2017 13:23:21 GMT
- request:
    method: post
    uri: unix:///var/run/docker.sock/v1.24/containers/8facf7b952460d1ee78ece52bb57bf2828ff2a18e1fb9e2bf5d580e51d9e6a48/start
    body:
      encoding: UTF-8
      string: "{}"
    headers:
      User-Agent:
      - Swipely/Docker-API 1.33.4
      Content-Type:
      - application/json
  response:
    status:
      code: 204
      message: 
    headers:
      Api-Version:
      - '1.29'
      Docker-Experimental:
      - 'false'
      Ostype:
      - linux
      Server:
      - Docker/17.05.0-ce-rc3 (linux)
      Date:
      - Tue, 30 May 2017 13:23:22 GMT
    body:
      encoding: ASCII-8BIT
      string: ''
    http_version: 
  recorded_at: Tue, 30 May 2017 13:23:22 GMT
- request:
    method: post
    uri: unix:///var/run/docker.sock/v1.24/containers/8facf7b952460d1ee78ece52bb57bf2828ff2a18e1fb9e2bf5d580e51d9e6a48/wait
    body:
      encoding: US-ASCII
      string: ''
    headers:
      User-Agent:
      - Swipely/Docker-API 1.33.4
      Content-Type:
      - text/plain
  response:
    status:
      code: 200
      message: 
    headers:
      Api-Version:
      - '1.29'
      Content-Type:
      - application/json
      Docker-Experimental:
      - 'false'
      Ostype:
      - linux
      Server:
      - Docker/17.05.0-ce-rc3 (linux)
      Date:
      - Tue, 30 May 2017 13:23:22 GMT
      Content-Length:
      - '17'
    body:
      encoding: ASCII-8BIT
      string: '{"StatusCode":1}

'
    http_version: 
  recorded_at: Tue, 30 May 2017 13:23:22 GMT
- request:
    method: post
    uri: unix:///var/run/docker.sock/v1.24/containers/8facf7b952460d1ee78ece52bb57bf2828ff2a18e1fb9e2bf5d580e51d9e6a48/stop
    body:
      encoding: UTF-8
      string: "{}"
    headers:
      User-Agent:
      - Swipely/Docker-API 1.33.4
      Content-Type:
      - application/json
  response:
    status:
      code: 304
      message: 
    headers:
      Api-Version:
      - '1.29'
      Docker-Experimental:
      - 'false'
      Ostype:
      - linux
      Server:
      - Docker/17.05.0-ce-rc3 (linux)
      Date:
      - Tue, 30 May 2017 13:23:22 GMT
    body:
      encoding: ASCII-8BIT
      string: ''
    http_version: 
  recorded_at: Tue, 30 May 2017 13:23:22 GMT
- request:
    method: get
    uri: unix:///var/run/docker.sock/v1.24/containers/8facf7b952460d1ee78ece52bb57bf2828ff2a18e1fb9e2bf5d580e51d9e6a48/json
    body:
      encoding: US-ASCII
      string: ''
    headers:
      User-Agent:
      - Swipely/Docker-API 1.33.4
      Content-Type:
      - text/plain
  response:
    status:
      code: 200
      message: 
    headers:
      Api-Version:
      - '1.29'
      Content-Type:
      - application/json
      Docker-Experimental:
      - 'false'
      Ostype:
      - linux
      Server:
      - Docker/17.05.0-ce-rc3 (linux)
      Date:
      - Tue, 30 May 2017 13:23:22 GMT
    body:
      encoding: ASCII-8BIT
      string: '{"Id":"8facf7b952460d1ee78ece52bb57bf2828ff2a18e1fb9e2bf5d580e51d9e6a48","Created":"2017-05-30T13:23:21.832262014Z","Path":"sh","Args":["/tooling-pending/deploy_upgrade_container.sh"],"State":{"Status":"exited","Running":false,"Paused":false,"Restarting":false,"OOMKilled":false,"Dead":false,"Pid":0,"ExitCode":1,"Error":"","StartedAt":"2017-05-30T13:23:22.290317974Z","FinishedAt":"2017-05-30T13:23:22.39800971Z"},"Image":"sha256:d1b55fd07600b2e26d667434f414beee12b0771dfd4a2c7b5ed6f2fc9e683b43","ResolvConfPath":"/var/lib/docker/containers/8facf7b952460d1ee78ece52bb57bf2828ff2a18e1fb9e2bf5d580e51d9e6a48/resolv.conf","HostnamePath":"/var/lib/docker/containers/8facf7b952460d1ee78ece52bb57bf2828ff2a18e1fb9e2bf5d580e51d9e6a48/hostname","HostsPath":"/var/lib/docker/containers/8facf7b952460d1ee78ece52bb57bf2828ff2a18e1fb9e2bf5d580e51d9e6a48/hosts","LogPath":"/var/lib/docker/containers/8facf7b952460d1ee78ece52bb57bf2828ff2a18e1fb9e2bf5d580e51d9e6a48/8facf7b952460d1ee78ece52bb57bf2828ff2a18e1fb9e2bf5d580e51d9e6a48-json.log","Name":"/deployupgradetest","RestartCount":0,"Driver":"overlay2","MountLabel":"","ProcessLabel":"","AppArmorProfile":"","ExecIDs":null,"HostConfig":{"Binds":["<%=
        Dir.pwd %>:/tooling-pending"],"ContainerIDFile":"","LogConfig":{"Type":"json-file","Config":{}},"NetworkMode":"default","PortBindings":null,"RestartPolicy":{"Name":"","MaximumRetryCount":0},"AutoRemove":false,"VolumeDriver":"","VolumesFrom":null,"CapAdd":null,"CapDrop":null,"Dns":null,"DnsOptions":null,"DnsSearch":null,"ExtraHosts":null,"GroupAdd":null,"IpcMode":"","Cgroup":"","Links":null,"OomScoreAdj":0,"PidMode":"","Privileged":false,"PublishAllPorts":false,"ReadonlyRootfs":false,"SecurityOpt":null,"UTSMode":"","UsernsMode":"","ShmSize":67108864,"Runtime":"runc","ConsoleSize":[0,0],"Isolation":"","CpuShares":0,"Memory":0,"NanoCpus":0,"CgroupParent":"","BlkioWeight":0,"BlkioWeightDevice":null,"BlkioDeviceReadBps":null,"BlkioDeviceWriteBps":null,"BlkioDeviceReadIOps":null,"BlkioDeviceWriteIOps":null,"CpuPeriod":0,"CpuQuota":0,"CpuRealtimePeriod":0,"CpuRealtimeRuntime":0,"CpusetCpus":"","CpusetMems":"","Devices":null,"DeviceCgroupRules":null,"DiskQuota":0,"KernelMemory":0,"MemoryReservation":0,"MemorySwap":0,"MemorySwappiness":-1,"OomKillDisable":false,"PidsLimit":0,"Ulimits":[{"Name":"nofile","Hard":1024,"Soft":1024}],"CpuCount":0,"CpuPercent":0,"IOMaximumIOps":0,"IOMaximumBandwidth":0},"GraphDriver":{"Data":{"LowerDir":"/var/lib/docker/overlay2/ba09e24fae86935d66c8d05bb780859e0ed68150661301975a227473dc5f7034-init/diff:/var/lib/docker/overlay2/c21563b474c92cb200d6a2e3ae97bfa82061b8e2a905d9616e1859ab45cb4fa2/diff:/var/lib/docker/overlay2/07d9ce0f8640030a66524e8e07c4703259546b598e9474cbf1ebfa5095ec9455/diff:/var/lib/docker/overlay2/d53ad9087014b1916f834713722d3d3b9ee94533eaaf61b1ddea95d9b58b1798/diff:/var/lib/docker/overlay2/04c5f834059fd3eeb0a4aa41494f596340baeb21934faef299952feb1a4ac2f3/diff","MergedDir":"/var/lib/docker/overlay2/ba09e24fae86935d66c8d05bb780859e0ed68150661301975a227473dc5f7034/merged","UpperDir":"/var/lib/docker/overlay2/ba09e24fae86935d66c8d05bb780859e0ed68150661301975a227473dc5f7034/diff","WorkDir":"/var/lib/docker/overlay2/ba09e24fae86935d66c8d05bb780859e0ed68150661301975a227473dc5f7034/work"},"Name":"overlay2"},"Mounts":[{"Type":"bind","Source":"<%=
        Dir.pwd %>","Destination":"/tooling-pending","Mode":"","RW":true,"Propagation":""},{"Type":"volume","Name":"259edd1c81f16220e83edec3007a7c074b9d74635cbb086528d5104186627a3d","Source":"/var/lib/docker/volumes/259edd1c81f16220e83edec3007a7c074b9d74635cbb086528d5104186627a3d/_data","Destination":"<%=
        Dir.pwd %>","Driver":"local","Mode":"","RW":true,"Propagation":""}],"Config":{"Hostname":"8facf7b95246","Domainname":"","User":"","AttachStdin":false,"AttachStdout":false,"AttachStderr":false,"Tty":false,"OpenStdin":false,"StdinOnce":false,"Env":["PATH=/usr/local/bin:/usr/local/sbin:/usr/bin:/usr/sbin:/bin:/sbin","LANG=en_US.UTF-8","DEBIAN_FRONTEND=noninteractive  "],"Cmd":["sh","/tooling-pending/deploy_upgrade_container.sh"],"Image":"deployupgradetest:latest","Volumes":{"<%=
        Dir.pwd %>":{}},"WorkingDir":"<%= Dir.pwd %>","Entrypoint":null,"OnBuild":null,"Labels":{}},"NetworkSettings":{"Bridge":"","SandboxID":"638bbea54dd59c3921b7b0664ff4ea298a3b63cb2f0995d869f47e3b80e0b71c","HairpinMode":false,"LinkLocalIPv6Address":"","LinkLocalIPv6PrefixLen":0,"Ports":{},"SandboxKey":"/var/run/docker/netns/638bbea54dd5","SecondaryIPAddresses":null,"SecondaryIPv6Addresses":null,"EndpointID":"","Gateway":"","GlobalIPv6Address":"","GlobalIPv6PrefixLen":0,"IPAddress":"","IPPrefixLen":0,"IPv6Gateway":"","MacAddress":"","Networks":{"bridge":{"IPAMConfig":null,"Links":null,"Aliases":null,"NetworkID":"9537fc0820e4c572939933f902186f3a77ddc55de92259e11f91f2d3422c2b62","EndpointID":"","Gateway":"","IPAddress":"","IPPrefixLen":0,"IPv6Gateway":"","GlobalIPv6Address":"","GlobalIPv6PrefixLen":0,"MacAddress":""}}}}

'
    http_version: 
  recorded_at: Tue, 30 May 2017 13:23:22 GMT
- request:
    method: delete
    uri: unix:///var/run/docker.sock/v1.24/containers/8facf7b952460d1ee78ece52bb57bf2828ff2a18e1fb9e2bf5d580e51d9e6a48
    body:
      encoding: US-ASCII
      string: ''
    headers:
      User-Agent:
      - Swipely/Docker-API 1.33.4
      Content-Type:
      - text/plain
  response:
    status:
      code: 204
      message: 
    headers:
      Api-Version:
      - '1.29'
      Docker-Experimental:
      - 'false'
      Ostype:
      - linux
      Server:
      - Docker/17.05.0-ce-rc3 (linux)
      Date:
      - Tue, 30 May 2017 13:23:27 GMT
    body:
      encoding: ASCII-8BIT
      string: ''
    http_version: 
  recorded_at: Tue, 30 May 2017 13:23:27 GMT
recorded_with: VCR 3.0.3
