---
http_interactions:
- request:
    method: get
    uri: unix:///var/run/docker.sock/v1.16/containers/vivid_unstable_test/json
    body:
      encoding: US-ASCII
      string: ''
    headers:
      User-Agent:
      - Swipely/Docker-API 1.21.4
      Content-Type:
      - text/plain
  response:
    status:
      code: 404
      message: 
    headers:
      Content-Type:
      - text/plain; charset=utf-8
      Date:
      - Mon, 11 May 2015 09:22:14 GMT
      Content-Length:
      - '32'
    body:
      encoding: UTF-8
      string: |
        no such id: vivid_unstable_test
    http_version: 
  recorded_at: Mon, 11 May 2015 09:22:14 GMT
- request:
    method: get
    uri: unix:///var/run/docker.sock/v1.16/containers/vivid_unstable_test/json
    body:
      encoding: US-ASCII
      string: ''
    headers:
      User-Agent:
      - Swipely/Docker-API 1.21.4
      Content-Type:
      - text/plain
  response:
    status:
      code: 404
      message: 
    headers:
      Content-Type:
      - text/plain; charset=utf-8
      Date:
      - Mon, 11 May 2015 09:22:14 GMT
      Content-Length:
      - '32'
    body:
      encoding: UTF-8
      string: |
        no such id: vivid_unstable_test
    http_version: 
  recorded_at: Mon, 11 May 2015 09:22:14 GMT
- request:
    method: get
    uri: unix:///var/run/docker.sock/v1.16/containers/vivid_unstable_test/json
    body:
      encoding: US-ASCII
      string: ''
    headers:
      User-Agent:
      - Swipely/Docker-API 1.21.4
      Content-Type:
      - text/plain
  response:
    status:
      code: 404
      message: 
    headers:
      Content-Type:
      - text/plain; charset=utf-8
      Date:
      - Mon, 11 May 2015 09:22:14 GMT
      Content-Length:
      - '32'
    body:
      encoding: UTF-8
      string: |
        no such id: vivid_unstable_test
    http_version: 
  recorded_at: Mon, 11 May 2015 09:22:14 GMT
- request:
    method: get
    uri: unix:///var/run/docker.sock/v1.16/containers/vivid_unstable_test/json
    body:
      encoding: US-ASCII
      string: ''
    headers:
      User-Agent:
      - Swipely/Docker-API 1.21.4
      Content-Type:
      - text/plain
  response:
    status:
      code: 404
      message: 
    headers:
      Content-Type:
      - text/plain; charset=utf-8
      Date:
      - Mon, 11 May 2015 09:22:14 GMT
      Content-Length:
      - '32'
    body:
      encoding: UTF-8
      string: |
        no such id: vivid_unstable_test
    http_version: 
  recorded_at: Mon, 11 May 2015 09:22:14 GMT
- request:
    method: post
    uri: unix:///var/run/docker.sock/v1.16/containers/create
    body:
      encoding: UTF-8
      string: '{"Image":"jenkins/vivid_unstable"}'
    headers:
      User-Agent:
      - Swipely/Docker-API 1.21.4
      Content-Type:
      - application/json
  response:
    status:
      code: 201
      message: 
    headers:
      Content-Type:
      - application/json
      Date:
      - Mon, 11 May 2015 09:22:15 GMT
      Content-Length:
      - '90'
    body:
      encoding: UTF-8
      string: |
        {"Id":"85ae8cd54cfd6f74b240cd709e1dafed8acf6effa2976b11a4bfe0de56af36c7","Warnings":null}
    http_version: 
  recorded_at: Mon, 11 May 2015 09:22:15 GMT
- request:
    method: post
    uri: unix:///var/run/docker.sock/v1.16/containers/85ae8cd54cfd6f74b240cd709e1dafed8acf6effa2976b11a4bfe0de56af36c7/rename?name=vivid_unstable_test
    body:
      encoding: US-ASCII
      string: ''
    headers:
      User-Agent:
      - Swipely/Docker-API 1.21.4
      Content-Type:
      - text/plain
  response:
    status:
      code: 204
      message: 
    headers:
      Date:
      - Mon, 11 May 2015 09:22:15 GMT
    body:
      encoding: UTF-8
      string: ''
    http_version: 
  recorded_at: Mon, 11 May 2015 09:22:15 GMT
- request:
    method: get
    uri: unix:///var/run/docker.sock/v1.16/version
    body:
      encoding: US-ASCII
      string: ''
    headers:
      User-Agent:
      - Swipely/Docker-API 1.21.4
      Content-Type:
      - text/plain
  response:
    status:
      code: 200
      message: 
    headers:
      Content-Type:
      - application/json
      Job-Name:
      - version
      Date:
      - Mon, 11 May 2015 09:22:15 GMT
      Content-Length:
      - '148'
    body:
      encoding: UTF-8
      string: |
        {"ApiVersion":"1.18","Arch":"amd64","GitCommit":"4749651","GoVersion":"go1.4.2","KernelVersion":"3.19.0-16-generic","Os":"linux","Version":"1.6.0"}
    http_version: 
  recorded_at: Mon, 11 May 2015 09:22:15 GMT
- request:
    method: get
    uri: unix:///var/run/docker.sock/v1.16/containers/vivid_unstable_test/json
    body:
      encoding: US-ASCII
      string: ''
    headers:
      User-Agent:
      - Swipely/Docker-API 1.21.4
      Content-Type:
      - text/plain
  response:
    status:
      code: 200
      message: 
    headers:
      Content-Type:
      - application/json
      Date:
      - Mon, 11 May 2015 09:22:15 GMT
    body:
      encoding: UTF-8
      string: |
        {"AppArmorProfile":"","Args":[],"Config":{"AttachStderr":false,"AttachStdin":false,"AttachStdout":false,"Cmd":["/bin/bash"],"CpuShares":0,"Cpuset":"","Domainname":"","Entrypoint":null,"Env":["PATH=/usr/local/sbin:/usr/local/bin:/usr/sbin:/usr/bin:/sbin:/bin","DEBIAN_FRONTEND=noninteractive"],"ExposedPorts":null,"Hostname":"85ae8cd54cfd","Image":"jenkins/vivid_unstable","Labels":{},"MacAddress":"","Memory":0,"MemorySwap":0,"NetworkDisabled":false,"OnBuild":null,"OpenStdin":false,"PortSpecs":null,"StdinOnce":false,"Tty":false,"User":"","Volumes":{"/home/me/src/vagrant":{}},"WorkingDir":""},"Created":"2015-05-11T09:22:15.020341048Z","Driver":"aufs","ExecDriver":"native-0.2","ExecIDs":null,"HostConfig":{"Binds":null,"CapAdd":null,"CapDrop":null,"CgroupParent":"","ContainerIDFile":"","CpuShares":0,"CpusetCpus":"","Devices":null,"Dns":null,"DnsSearch":null,"ExtraHosts":null,"IpcMode":"","Links":null,"LogConfig":{"Config":null,"Type":"json-file"},"LxcConf":null,"Memory":0,"MemorySwap":0,"NetworkMode":"","PidMode":"","PortBindings":null,"Privileged":false,"PublishAllPorts":false,"ReadonlyRootfs":false,"RestartPolicy":{"MaximumRetryCount":0,"Name":""},"SecurityOpt":null,"Ulimits":null,"VolumesFrom":null},"HostnamePath":"","HostsPath":"","Id":"85ae8cd54cfd6f74b240cd709e1dafed8acf6effa2976b11a4bfe0de56af36c7","Image":"2c62206b471ef872673ff3e26cca8bded427cc0be134844bc0aa496dcaaa03d1","LogPath":"","MountLabel":"","Name":"/vivid_unstable_test","NetworkSettings":{"Bridge":"","Gateway":"","GlobalIPv6Address":"","GlobalIPv6PrefixLen":0,"IPAddress":"","IPPrefixLen":0,"IPv6Gateway":"","LinkLocalIPv6Address":"","LinkLocalIPv6PrefixLen":0,"MacAddress":"","PortMapping":null,"Ports":null},"Path":"/bin/bash","ProcessLabel":"","ResolvConfPath":"","RestartCount":0,"State":{"Dead":false,"Error":"","ExitCode":0,"FinishedAt":"0001-01-01T00:00:00Z","OOMKilled":false,"Paused":false,"Pid":0,"Restarting":false,"Running":false,"StartedAt":"0001-01-01T00:00:00Z"},"Volumes":{"/home/me/src/vagrant":"/var/lib/docker/vfs/dir/6cb5dac6f4059341a85f13d324d7adb6e86965d062a59a6d426262a70eb33ed3"},"VolumesRW":{"/home/me/src/vagrant":true}}
    http_version: 
  recorded_at: Mon, 11 May 2015 09:22:15 GMT
- request:
    method: post
    uri: unix:///var/run/docker.sock/v1.16/containers/85ae8cd54cfd6f74b240cd709e1dafed8acf6effa2976b11a4bfe0de56af36c7/kill
    body:
      encoding: US-ASCII
      string: ''
    headers:
      User-Agent:
      - Swipely/Docker-API 1.21.4
      Content-Type:
      - text/plain
  response:
    status:
      code: 204
      message: 
    headers:
      Date:
      - Mon, 11 May 2015 09:22:15 GMT
    body:
      encoding: UTF-8
      string: ''
    http_version: 
  recorded_at: Mon, 11 May 2015 09:22:15 GMT
- request:
    method: delete
    uri: unix:///var/run/docker.sock/v1.16/containers/85ae8cd54cfd6f74b240cd709e1dafed8acf6effa2976b11a4bfe0de56af36c7
    body:
      encoding: US-ASCII
      string: ''
    headers:
      User-Agent:
      - Swipely/Docker-API 1.21.4
      Content-Type:
      - text/plain
  response:
    status:
      code: 204
      message: 
    headers:
      Date:
      - Mon, 11 May 2015 09:22:15 GMT
    body:
      encoding: UTF-8
      string: ''
    http_version: 
  recorded_at: Mon, 11 May 2015 09:22:15 GMT
- request:
    method: get
    uri: unix:///var/run/docker.sock/v1.16/containers/vivid_unstable_test/json
    body:
      encoding: US-ASCII
      string: ''
    headers:
      User-Agent:
      - Swipely/Docker-API 1.21.4
      Content-Type:
      - text/plain
  response:
    status:
      code: 404
      message: 
    headers:
      Content-Type:
      - text/plain; charset=utf-8
      Date:
      - Mon, 11 May 2015 09:22:15 GMT
      Content-Length:
      - '32'
    body:
      encoding: UTF-8
      string: |
        no such id: vivid_unstable_test
    http_version: 
  recorded_at: Mon, 11 May 2015 09:22:15 GMT
- request:
    method: get
    uri: unix:///var/run/docker.sock/v1.16/containers/vivid_unstable_test/json
    body:
      encoding: US-ASCII
      string: ''
    headers:
      User-Agent:
      - Swipely/Docker-API 1.21.4
      Content-Type:
      - text/plain
  response:
    status:
      code: 404
      message: 
    headers:
      Content-Type:
      - text/plain; charset=utf-8
      Date:
      - Mon, 11 May 2015 09:22:15 GMT
      Content-Length:
      - '32'
    body:
      encoding: UTF-8
      string: |
        no such id: vivid_unstable_test
    http_version: 
  recorded_at: Mon, 11 May 2015 09:22:15 GMT
- request:
    method: get
    uri: unix:///var/run/docker.sock/v1.16/containers/vivid_unstable_test/json
    body:
      encoding: US-ASCII
      string: ''
    headers:
      User-Agent:
      - Swipely/Docker-API 1.21.4
      Content-Type:
      - text/plain
  response:
    status:
      code: 404
      message: 
    headers:
      Content-Type:
      - text/plain; charset=utf-8
      Date:
      - Mon, 11 May 2015 09:22:15 GMT
      Content-Length:
      - '32'
    body:
      encoding: UTF-8
      string: |
        no such id: vivid_unstable_test
    http_version: 
  recorded_at: Mon, 11 May 2015 09:22:15 GMT
- request:
    method: get
    uri: unix:///var/run/docker.sock/v1.16/containers/vivid_unstable_test/json
    body:
      encoding: US-ASCII
      string: ''
    headers:
      User-Agent:
      - Swipely/Docker-API 1.21.4
      Content-Type:
      - text/plain
  response:
    status:
      code: 404
      message: 
    headers:
      Content-Type:
      - text/plain; charset=utf-8
      Date:
      - Mon, 11 May 2015 09:22:15 GMT
      Content-Length:
      - '32'
    body:
      encoding: UTF-8
      string: |
        no such id: vivid_unstable_test
    http_version: 
  recorded_at: Mon, 11 May 2015 09:22:15 GMT
recorded_with: VCR 2.9.3
