---
http_interactions:
- request:
    method: get
    uri: unix:///var/run/docker.sock/v1.24/containers/vivid_unstable_test/json
    body:
      encoding: US-ASCII
      string: ''
    headers:
      User-Agent:
      - Swipely/Docker-API 1.34.0
      Content-Type:
      - text/plain
  response:
    status:
      code: 404
      message: 
    headers:
      Api-Version:
      - '1.29'
      Content-Type:
      - application/json
      Docker-Experimental:
      - 'false'
      Ostype:
      - linux
      Server:
      - Docker/17.05.0-ce (linux)
      Date:
      - Mon, 15 Jan 2018 11:27:54 GMT
      Content-Length:
      - '53'
    body:
      encoding: ASCII-8BIT
      string: '{"message":"No such container: vivid_unstable_test"}

'
    http_version: 
  recorded_at: Mon, 15 Jan 2018 11:27:54 GMT
- request:
    method: get
    uri: unix:///var/run/docker.sock/v1.24/containers/vivid_unstable_test/json
    body:
      encoding: US-ASCII
      string: ''
    headers:
      User-Agent:
      - Swipely/Docker-API 1.34.0
      Content-Type:
      - text/plain
  response:
    status:
      code: 404
      message: 
    headers:
      Api-Version:
      - '1.29'
      Content-Type:
      - application/json
      Docker-Experimental:
      - 'false'
      Ostype:
      - linux
      Server:
      - Docker/17.05.0-ce (linux)
      Date:
      - Mon, 15 Jan 2018 11:27:54 GMT
      Content-Length:
      - '53'
    body:
      encoding: ASCII-8BIT
      string: '{"message":"No such container: vivid_unstable_test"}

'
    http_version: 
  recorded_at: Mon, 15 Jan 2018 11:27:54 GMT
- request:
    method: get
    uri: unix:///var/run/docker.sock/v1.24/containers/vivid_unstable_test/json
    body:
      encoding: US-ASCII
      string: ''
    headers:
      User-Agent:
      - Swipely/Docker-API 1.34.0
      Content-Type:
      - text/plain
  response:
    status:
      code: 404
      message: 
    headers:
      Api-Version:
      - '1.29'
      Content-Type:
      - application/json
      Docker-Experimental:
      - 'false'
      Ostype:
      - linux
      Server:
      - Docker/17.05.0-ce (linux)
      Date:
      - Mon, 15 Jan 2018 11:27:54 GMT
      Content-Length:
      - '53'
    body:
      encoding: ASCII-8BIT
      string: '{"message":"No such container: vivid_unstable_test"}

'
    http_version: 
  recorded_at: Mon, 15 Jan 2018 11:27:54 GMT
- request:
    method: get
    uri: unix:///var/run/docker.sock/v1.24/containers/vivid_unstable_test/json
    body:
      encoding: US-ASCII
      string: ''
    headers:
      User-Agent:
      - Swipely/Docker-API 1.34.0
      Content-Type:
      - text/plain
  response:
    status:
      code: 404
      message: 
    headers:
      Api-Version:
      - '1.29'
      Content-Type:
      - application/json
      Docker-Experimental:
      - 'false'
      Ostype:
      - linux
      Server:
      - Docker/17.05.0-ce (linux)
      Date:
      - Mon, 15 Jan 2018 11:27:54 GMT
      Content-Length:
      - '53'
    body:
      encoding: ASCII-8BIT
      string: '{"message":"No such container: vivid_unstable_test"}

'
    http_version: 
  recorded_at: Mon, 15 Jan 2018 11:27:54 GMT
- request:
    method: post
    uri: unix:///var/run/docker.sock/v1.24/containers/create
    body:
      encoding: UTF-8
      string: '{"Image":"pangea/ubuntu:vivid"}'
    headers:
      User-Agent:
      - Swipely/Docker-API 1.34.0
      Content-Type:
      - application/json
  response:
    status:
      code: 201
      message: 
    headers:
      Api-Version:
      - '1.29'
      Content-Type:
      - application/json
      Docker-Experimental:
      - 'false'
      Ostype:
      - linux
      Server:
      - Docker/17.05.0-ce (linux)
      Date:
      - Mon, 15 Jan 2018 11:27:54 GMT
      Content-Length:
      - '90'
    body:
      encoding: ASCII-8BIT
      string: '{"Id":"062b14f7724a1057cbbf0f69196e7c3c97d1b1b6fa981454cd5eb1e91513476a","Warnings":null}

'
    http_version: 
  recorded_at: Mon, 15 Jan 2018 11:27:54 GMT
- request:
    method: post
    uri: unix:///var/run/docker.sock/v1.24/containers/062b14f7724a1057cbbf0f69196e7c3c97d1b1b6fa981454cd5eb1e91513476a/rename?name=vivid_unstable_test
    body:
      encoding: US-ASCII
      string: ''
    headers:
      User-Agent:
      - Swipely/Docker-API 1.34.0
      Content-Type:
      - text/plain
  response:
    status:
      code: 204
      message: 
    headers:
      Api-Version:
      - '1.29'
      Docker-Experimental:
      - 'false'
      Ostype:
      - linux
      Server:
      - Docker/17.05.0-ce (linux)
      Date:
      - Mon, 15 Jan 2018 11:27:54 GMT
    body:
      encoding: ASCII-8BIT
      string: ''
    http_version: 
  recorded_at: Mon, 15 Jan 2018 11:27:54 GMT
- request:
    method: get
    uri: unix:///var/run/docker.sock/v1.24/containers/vivid_unstable_test/json
    body:
      encoding: US-ASCII
      string: ''
    headers:
      User-Agent:
      - Swipely/Docker-API 1.34.0
      Content-Type:
      - text/plain
  response:
    status:
      code: 200
      message: 
    headers:
      Api-Version:
      - '1.29'
      Content-Type:
      - application/json
      Docker-Experimental:
      - 'false'
      Ostype:
      - linux
      Server:
      - Docker/17.05.0-ce (linux)
      Date:
      - Mon, 15 Jan 2018 11:27:54 GMT
    body:
      encoding: ASCII-8BIT
      string: '{"Id":"062b14f7724a1057cbbf0f69196e7c3c97d1b1b6fa981454cd5eb1e91513476a","Created":"2018-01-15T11:27:54.520490249Z","Path":"/bin/bash","Args":[],"State":{"Status":"created","Running":false,"Paused":false,"Restarting":false,"OOMKilled":false,"Dead":false,"Pid":0,"ExitCode":0,"Error":"","StartedAt":"0001-01-01T00:00:00Z","FinishedAt":"0001-01-01T00:00:00Z"},"Image":"sha256:d1b55fd07600b2e26d667434f414beee12b0771dfd4a2c7b5ed6f2fc9e683b43","ResolvConfPath":"","HostnamePath":"","HostsPath":"","LogPath":"","Name":"/vivid_unstable_test","RestartCount":0,"Driver":"btrfs","MountLabel":"","ProcessLabel":"","AppArmorProfile":"","ExecIDs":null,"HostConfig":{"Binds":null,"ContainerIDFile":"","LogConfig":{"Type":"json-file","Config":{}},"NetworkMode":"default","PortBindings":null,"RestartPolicy":{"Name":"","MaximumRetryCount":0},"AutoRemove":false,"VolumeDriver":"","VolumesFrom":null,"CapAdd":null,"CapDrop":null,"Dns":null,"DnsOptions":null,"DnsSearch":null,"ExtraHosts":null,"GroupAdd":null,"IpcMode":"","Cgroup":"","Links":null,"OomScoreAdj":0,"PidMode":"","Privileged":false,"PublishAllPorts":false,"ReadonlyRootfs":false,"SecurityOpt":null,"UTSMode":"","UsernsMode":"","ShmSize":67108864,"ConsoleSize":[0,0],"Isolation":"","CpuShares":0,"Memory":0,"NanoCpus":0,"CgroupParent":"","BlkioWeight":0,"BlkioWeightDevice":null,"BlkioDeviceReadBps":null,"BlkioDeviceWriteBps":null,"BlkioDeviceReadIOps":null,"BlkioDeviceWriteIOps":null,"CpuPeriod":0,"CpuQuota":0,"CpuRealtimePeriod":0,"CpuRealtimeRuntime":0,"CpusetCpus":"","CpusetMems":"","Devices":null,"DeviceCgroupRules":null,"DiskQuota":0,"KernelMemory":0,"MemoryReservation":0,"MemorySwap":0,"MemorySwappiness":-1,"OomKillDisable":false,"PidsLimit":0,"Ulimits":null,"CpuCount":0,"CpuPercent":0,"IOMaximumIOps":0,"IOMaximumBandwidth":0},"GraphDriver":{"Data":null,"Name":"btrfs"},"Mounts":[],"Config":{"Hostname":"062b14f7724a","Domainname":"","User":"","AttachStdin":false,"AttachStdout":false,"AttachStderr":false,"Tty":false,"OpenStdin":false,"StdinOnce":false,"Env":null,"Cmd":["/bin/bash"],"Image":"pangea/ubuntu:vivid","Volumes":null,"WorkingDir":"","Entrypoint":null,"OnBuild":null,"Labels":{}},"NetworkSettings":{"Bridge":"","SandboxID":"","HairpinMode":false,"LinkLocalIPv6Address":"","LinkLocalIPv6PrefixLen":0,"Ports":{},"SandboxKey":"","SecondaryIPAddresses":null,"SecondaryIPv6Addresses":null,"EndpointID":"","Gateway":"","GlobalIPv6Address":"","GlobalIPv6PrefixLen":0,"IPAddress":"","IPPrefixLen":0,"IPv6Gateway":"","MacAddress":"","Networks":{"bridge":{"IPAMConfig":null,"Links":null,"Aliases":null,"NetworkID":"","EndpointID":"","Gateway":"","IPAddress":"","IPPrefixLen":0,"IPv6Gateway":"","GlobalIPv6Address":"","GlobalIPv6PrefixLen":0,"MacAddress":""}}}}

'
    http_version: 
  recorded_at: Mon, 15 Jan 2018 11:27:54 GMT
- request:
    method: get
    uri: unix:///var/run/docker.sock/v1.24/containers/062b14f7724a1057cbbf0f69196e7c3c97d1b1b6fa981454cd5eb1e91513476a/json
    body:
      encoding: US-ASCII
      string: ''
    headers:
      User-Agent:
      - Swipely/Docker-API 1.34.0
      Content-Type:
      - text/plain
  response:
    status:
      code: 200
      message: 
    headers:
      Api-Version:
      - '1.29'
      Content-Type:
      - application/json
      Docker-Experimental:
      - 'false'
      Ostype:
      - linux
      Server:
      - Docker/17.05.0-ce (linux)
      Date:
      - Mon, 15 Jan 2018 11:27:54 GMT
    body:
      encoding: ASCII-8BIT
      string: '{"Id":"062b14f7724a1057cbbf0f69196e7c3c97d1b1b6fa981454cd5eb1e91513476a","Created":"2018-01-15T11:27:54.520490249Z","Path":"/bin/bash","Args":[],"State":{"Status":"created","Running":false,"Paused":false,"Restarting":false,"OOMKilled":false,"Dead":false,"Pid":0,"ExitCode":0,"Error":"","StartedAt":"0001-01-01T00:00:00Z","FinishedAt":"0001-01-01T00:00:00Z"},"Image":"sha256:d1b55fd07600b2e26d667434f414beee12b0771dfd4a2c7b5ed6f2fc9e683b43","ResolvConfPath":"","HostnamePath":"","HostsPath":"","LogPath":"","Name":"/vivid_unstable_test","RestartCount":0,"Driver":"btrfs","MountLabel":"","ProcessLabel":"","AppArmorProfile":"","ExecIDs":null,"HostConfig":{"Binds":null,"ContainerIDFile":"","LogConfig":{"Type":"json-file","Config":{}},"NetworkMode":"default","PortBindings":null,"RestartPolicy":{"Name":"","MaximumRetryCount":0},"AutoRemove":false,"VolumeDriver":"","VolumesFrom":null,"CapAdd":null,"CapDrop":null,"Dns":null,"DnsOptions":null,"DnsSearch":null,"ExtraHosts":null,"GroupAdd":null,"IpcMode":"","Cgroup":"","Links":null,"OomScoreAdj":0,"PidMode":"","Privileged":false,"PublishAllPorts":false,"ReadonlyRootfs":false,"SecurityOpt":null,"UTSMode":"","UsernsMode":"","ShmSize":67108864,"ConsoleSize":[0,0],"Isolation":"","CpuShares":0,"Memory":0,"NanoCpus":0,"CgroupParent":"","BlkioWeight":0,"BlkioWeightDevice":null,"BlkioDeviceReadBps":null,"BlkioDeviceWriteBps":null,"BlkioDeviceReadIOps":null,"BlkioDeviceWriteIOps":null,"CpuPeriod":0,"CpuQuota":0,"CpuRealtimePeriod":0,"CpuRealtimeRuntime":0,"CpusetCpus":"","CpusetMems":"","Devices":null,"DeviceCgroupRules":null,"DiskQuota":0,"KernelMemory":0,"MemoryReservation":0,"MemorySwap":0,"MemorySwappiness":-1,"OomKillDisable":false,"PidsLimit":0,"Ulimits":null,"CpuCount":0,"CpuPercent":0,"IOMaximumIOps":0,"IOMaximumBandwidth":0},"GraphDriver":{"Data":null,"Name":"btrfs"},"Mounts":[],"Config":{"Hostname":"062b14f7724a","Domainname":"","User":"","AttachStdin":false,"AttachStdout":false,"AttachStderr":false,"Tty":false,"OpenStdin":false,"StdinOnce":false,"Env":null,"Cmd":["/bin/bash"],"Image":"pangea/ubuntu:vivid","Volumes":null,"WorkingDir":"","Entrypoint":null,"OnBuild":null,"Labels":{}},"NetworkSettings":{"Bridge":"","SandboxID":"","HairpinMode":false,"LinkLocalIPv6Address":"","LinkLocalIPv6PrefixLen":0,"Ports":{},"SandboxKey":"","SecondaryIPAddresses":null,"SecondaryIPv6Addresses":null,"EndpointID":"","Gateway":"","GlobalIPv6Address":"","GlobalIPv6PrefixLen":0,"IPAddress":"","IPPrefixLen":0,"IPv6Gateway":"","MacAddress":"","Networks":{"bridge":{"IPAMConfig":null,"Links":null,"Aliases":null,"NetworkID":"","EndpointID":"","Gateway":"","IPAddress":"","IPPrefixLen":0,"IPv6Gateway":"","GlobalIPv6Address":"","GlobalIPv6PrefixLen":0,"MacAddress":""}}}}

'
    http_version: 
  recorded_at: Mon, 15 Jan 2018 11:27:54 GMT
- request:
    method: delete
    uri: unix:///var/run/docker.sock/v1.24/containers/062b14f7724a1057cbbf0f69196e7c3c97d1b1b6fa981454cd5eb1e91513476a?force=true
    body:
      encoding: US-ASCII
      string: ''
    headers:
      User-Agent:
      - Swipely/Docker-API 1.34.0
      Content-Type:
      - text/plain
  response:
    status:
      code: 204
      message: 
    headers:
      Api-Version:
      - '1.29'
      Docker-Experimental:
      - 'false'
      Ostype:
      - linux
      Server:
      - Docker/17.05.0-ce (linux)
      Date:
      - Mon, 15 Jan 2018 11:27:54 GMT
    body:
      encoding: ASCII-8BIT
      string: ''
    http_version: 
  recorded_at: Mon, 15 Jan 2018 11:27:54 GMT
- request:
    method: post
    uri: unix:///var/run/docker.sock/v1.24/containers/create
    body:
      encoding: UTF-8
      string: '{"Image":"pangea/ubuntu:vivid","HostConfig":{"Privileged":false,"Ulimits":[{"Name":"nofile","Soft":1024,"Hard":1024}],"Binds":[]},"WorkingDir":"/","Env":["PATH=/usr/local/bin:/usr/local/sbin:/usr/bin:/usr/sbin:/bin:/sbin","LANG=en_US.UTF-8","DEBIAN_FRONTEND=noninteractive  "],"Volumes":{}}'
    headers:
      User-Agent:
      - Swipely/Docker-API 1.34.0
      Content-Type:
      - application/json
  response:
    status:
      code: 201
      message: 
    headers:
      Api-Version:
      - '1.29'
      Content-Type:
      - application/json
      Docker-Experimental:
      - 'false'
      Ostype:
      - linux
      Server:
      - Docker/17.05.0-ce (linux)
      Date:
      - Mon, 15 Jan 2018 11:27:54 GMT
      Content-Length:
      - '90'
    body:
      encoding: ASCII-8BIT
      string: '{"Id":"5269e9600fecfe4789fc3d949f97750e1b2f85010af1682b67747cbed07dde06","Warnings":null}

'
    http_version: 
  recorded_at: Mon, 15 Jan 2018 11:27:54 GMT
- request:
    method: post
    uri: unix:///var/run/docker.sock/v1.24/containers/5269e9600fecfe4789fc3d949f97750e1b2f85010af1682b67747cbed07dde06/rename?name=vivid_unstable_test
    body:
      encoding: US-ASCII
      string: ''
    headers:
      User-Agent:
      - Swipely/Docker-API 1.34.0
      Content-Type:
      - text/plain
  response:
    status:
      code: 204
      message: 
    headers:
      Api-Version:
      - '1.29'
      Docker-Experimental:
      - 'false'
      Ostype:
      - linux
      Server:
      - Docker/17.05.0-ce (linux)
      Date:
      - Mon, 15 Jan 2018 11:27:54 GMT
    body:
      encoding: ASCII-8BIT
      string: ''
    http_version: 
  recorded_at: Mon, 15 Jan 2018 11:27:54 GMT
- request:
    method: get
    uri: unix:///var/run/docker.sock/v1.24/containers/062b14f7724a1057cbbf0f69196e7c3c97d1b1b6fa981454cd5eb1e91513476a/json
    body:
      encoding: US-ASCII
      string: ''
    headers:
      User-Agent:
      - Swipely/Docker-API 1.34.0
      Content-Type:
      - text/plain
  response:
    status:
      code: 404
      message: 
    headers:
      Api-Version:
      - '1.29'
      Content-Type:
      - application/json
      Docker-Experimental:
      - 'false'
      Ostype:
      - linux
      Server:
      - Docker/17.05.0-ce (linux)
      Date:
      - Mon, 15 Jan 2018 11:27:54 GMT
      Content-Length:
      - '98'
    body:
      encoding: ASCII-8BIT
      string: '{"message":"No such container: 062b14f7724a1057cbbf0f69196e7c3c97d1b1b6fa981454cd5eb1e91513476a"}

'
    http_version: 
  recorded_at: Mon, 15 Jan 2018 11:27:54 GMT
- request:
    method: get
    uri: unix:///var/run/docker.sock/v1.24/containers/062b14f7724a1057cbbf0f69196e7c3c97d1b1b6fa981454cd5eb1e91513476a/json
    body:
      encoding: US-ASCII
      string: ''
    headers:
      User-Agent:
      - Swipely/Docker-API 1.34.0
      Content-Type:
      - text/plain
  response:
    status:
      code: 404
      message: 
    headers:
      Api-Version:
      - '1.29'
      Content-Type:
      - application/json
      Docker-Experimental:
      - 'false'
      Ostype:
      - linux
      Server:
      - Docker/17.05.0-ce (linux)
      Date:
      - Mon, 15 Jan 2018 11:27:54 GMT
      Content-Length:
      - '98'
    body:
      encoding: ASCII-8BIT
      string: '{"message":"No such container: 062b14f7724a1057cbbf0f69196e7c3c97d1b1b6fa981454cd5eb1e91513476a"}

'
    http_version: 
  recorded_at: Mon, 15 Jan 2018 11:27:54 GMT
- request:
    method: get
    uri: unix:///var/run/docker.sock/v1.24/containers/062b14f7724a1057cbbf0f69196e7c3c97d1b1b6fa981454cd5eb1e91513476a/json
    body:
      encoding: US-ASCII
      string: ''
    headers:
      User-Agent:
      - Swipely/Docker-API 1.34.0
      Content-Type:
      - text/plain
  response:
    status:
      code: 404
      message: 
    headers:
      Api-Version:
      - '1.29'
      Content-Type:
      - application/json
      Docker-Experimental:
      - 'false'
      Ostype:
      - linux
      Server:
      - Docker/17.05.0-ce (linux)
      Date:
      - Mon, 15 Jan 2018 11:27:54 GMT
      Content-Length:
      - '98'
    body:
      encoding: ASCII-8BIT
      string: '{"message":"No such container: 062b14f7724a1057cbbf0f69196e7c3c97d1b1b6fa981454cd5eb1e91513476a"}

'
    http_version: 
  recorded_at: Mon, 15 Jan 2018 11:27:54 GMT
- request:
    method: get
    uri: unix:///var/run/docker.sock/v1.24/containers/062b14f7724a1057cbbf0f69196e7c3c97d1b1b6fa981454cd5eb1e91513476a/json
    body:
      encoding: US-ASCII
      string: ''
    headers:
      User-Agent:
      - Swipely/Docker-API 1.34.0
      Content-Type:
      - text/plain
  response:
    status:
      code: 404
      message: 
    headers:
      Api-Version:
      - '1.29'
      Content-Type:
      - application/json
      Docker-Experimental:
      - 'false'
      Ostype:
      - linux
      Server:
      - Docker/17.05.0-ce (linux)
      Date:
      - Mon, 15 Jan 2018 11:27:54 GMT
      Content-Length:
      - '98'
    body:
      encoding: ASCII-8BIT
      string: '{"message":"No such container: 062b14f7724a1057cbbf0f69196e7c3c97d1b1b6fa981454cd5eb1e91513476a"}

'
    http_version: 
  recorded_at: Mon, 15 Jan 2018 11:27:54 GMT
- request:
    method: get
    uri: unix:///var/run/docker.sock/v1.24/containers/vivid_unstable_test/json
    body:
      encoding: US-ASCII
      string: ''
    headers:
      User-Agent:
      - Swipely/Docker-API 1.34.0
      Content-Type:
      - text/plain
  response:
    status:
      code: 200
      message: 
    headers:
      Api-Version:
      - '1.29'
      Content-Type:
      - application/json
      Docker-Experimental:
      - 'false'
      Ostype:
      - linux
      Server:
      - Docker/17.05.0-ce (linux)
      Date:
      - Mon, 15 Jan 2018 11:27:54 GMT
    body:
      encoding: ASCII-8BIT
      string: '{"Id":"5269e9600fecfe4789fc3d949f97750e1b2f85010af1682b67747cbed07dde06","Created":"2018-01-15T11:27:54.686713472Z","Path":"/bin/bash","Args":[],"State":{"Status":"created","Running":false,"Paused":false,"Restarting":false,"OOMKilled":false,"Dead":false,"Pid":0,"ExitCode":0,"Error":"","StartedAt":"0001-01-01T00:00:00Z","FinishedAt":"0001-01-01T00:00:00Z"},"Image":"sha256:d1b55fd07600b2e26d667434f414beee12b0771dfd4a2c7b5ed6f2fc9e683b43","ResolvConfPath":"","HostnamePath":"","HostsPath":"","LogPath":"","Name":"/vivid_unstable_test","RestartCount":0,"Driver":"btrfs","MountLabel":"","ProcessLabel":"","AppArmorProfile":"","ExecIDs":null,"HostConfig":{"Binds":[],"ContainerIDFile":"","LogConfig":{"Type":"json-file","Config":{}},"NetworkMode":"default","PortBindings":null,"RestartPolicy":{"Name":"","MaximumRetryCount":0},"AutoRemove":false,"VolumeDriver":"","VolumesFrom":null,"CapAdd":null,"CapDrop":null,"Dns":null,"DnsOptions":null,"DnsSearch":null,"ExtraHosts":null,"GroupAdd":null,"IpcMode":"","Cgroup":"","Links":null,"OomScoreAdj":0,"PidMode":"","Privileged":false,"PublishAllPorts":false,"ReadonlyRootfs":false,"SecurityOpt":null,"UTSMode":"","UsernsMode":"","ShmSize":67108864,"Runtime":"runc","ConsoleSize":[0,0],"Isolation":"","CpuShares":0,"Memory":0,"NanoCpus":0,"CgroupParent":"","BlkioWeight":0,"BlkioWeightDevice":null,"BlkioDeviceReadBps":null,"BlkioDeviceWriteBps":null,"BlkioDeviceReadIOps":null,"BlkioDeviceWriteIOps":null,"CpuPeriod":0,"CpuQuota":0,"CpuRealtimePeriod":0,"CpuRealtimeRuntime":0,"CpusetCpus":"","CpusetMems":"","Devices":null,"DeviceCgroupRules":null,"DiskQuota":0,"KernelMemory":0,"MemoryReservation":0,"MemorySwap":0,"MemorySwappiness":-1,"OomKillDisable":false,"PidsLimit":0,"Ulimits":[{"Name":"nofile","Hard":1024,"Soft":1024}],"CpuCount":0,"CpuPercent":0,"IOMaximumIOps":0,"IOMaximumBandwidth":0},"GraphDriver":{"Data":null,"Name":"btrfs"},"Mounts":[],"Config":{"Hostname":"5269e9600fec","Domainname":"","User":"","AttachStdin":false,"AttachStdout":false,"AttachStderr":false,"Tty":false,"OpenStdin":false,"StdinOnce":false,"Env":["PATH=/usr/local/bin:/usr/local/sbin:/usr/bin:/usr/sbin:/bin:/sbin","LANG=en_US.UTF-8","DEBIAN_FRONTEND=noninteractive  "],"Cmd":["/bin/bash"],"Image":"pangea/ubuntu:vivid","Volumes":null,"WorkingDir":"/","Entrypoint":null,"OnBuild":null,"Labels":{}},"NetworkSettings":{"Bridge":"","SandboxID":"","HairpinMode":false,"LinkLocalIPv6Address":"","LinkLocalIPv6PrefixLen":0,"Ports":{},"SandboxKey":"","SecondaryIPAddresses":null,"SecondaryIPv6Addresses":null,"EndpointID":"","Gateway":"","GlobalIPv6Address":"","GlobalIPv6PrefixLen":0,"IPAddress":"","IPPrefixLen":0,"IPv6Gateway":"","MacAddress":"","Networks":{"bridge":{"IPAMConfig":null,"Links":null,"Aliases":null,"NetworkID":"","EndpointID":"","Gateway":"","IPAddress":"","IPPrefixLen":0,"IPv6Gateway":"","GlobalIPv6Address":"","GlobalIPv6PrefixLen":0,"MacAddress":""}}}}

'
    http_version: 
  recorded_at: Mon, 15 Jan 2018 11:27:54 GMT
- request:
    method: get
    uri: unix:///var/run/docker.sock/v1.24/containers/5269e9600fecfe4789fc3d949f97750e1b2f85010af1682b67747cbed07dde06/json
    body:
      encoding: US-ASCII
      string: ''
    headers:
      User-Agent:
      - Swipely/Docker-API 1.34.0
      Content-Type:
      - text/plain
  response:
    status:
      code: 200
      message: 
    headers:
      Api-Version:
      - '1.29'
      Content-Type:
      - application/json
      Docker-Experimental:
      - 'false'
      Ostype:
      - linux
      Server:
      - Docker/17.05.0-ce (linux)
      Date:
      - Mon, 15 Jan 2018 11:27:54 GMT
    body:
      encoding: ASCII-8BIT
      string: '{"Id":"5269e9600fecfe4789fc3d949f97750e1b2f85010af1682b67747cbed07dde06","Created":"2018-01-15T11:27:54.686713472Z","Path":"/bin/bash","Args":[],"State":{"Status":"created","Running":false,"Paused":false,"Restarting":false,"OOMKilled":false,"Dead":false,"Pid":0,"ExitCode":0,"Error":"","StartedAt":"0001-01-01T00:00:00Z","FinishedAt":"0001-01-01T00:00:00Z"},"Image":"sha256:d1b55fd07600b2e26d667434f414beee12b0771dfd4a2c7b5ed6f2fc9e683b43","ResolvConfPath":"","HostnamePath":"","HostsPath":"","LogPath":"","Name":"/vivid_unstable_test","RestartCount":0,"Driver":"btrfs","MountLabel":"","ProcessLabel":"","AppArmorProfile":"","ExecIDs":null,"HostConfig":{"Binds":[],"ContainerIDFile":"","LogConfig":{"Type":"json-file","Config":{}},"NetworkMode":"default","PortBindings":null,"RestartPolicy":{"Name":"","MaximumRetryCount":0},"AutoRemove":false,"VolumeDriver":"","VolumesFrom":null,"CapAdd":null,"CapDrop":null,"Dns":null,"DnsOptions":null,"DnsSearch":null,"ExtraHosts":null,"GroupAdd":null,"IpcMode":"","Cgroup":"","Links":null,"OomScoreAdj":0,"PidMode":"","Privileged":false,"PublishAllPorts":false,"ReadonlyRootfs":false,"SecurityOpt":null,"UTSMode":"","UsernsMode":"","ShmSize":67108864,"Runtime":"runc","ConsoleSize":[0,0],"Isolation":"","CpuShares":0,"Memory":0,"NanoCpus":0,"CgroupParent":"","BlkioWeight":0,"BlkioWeightDevice":null,"BlkioDeviceReadBps":null,"BlkioDeviceWriteBps":null,"BlkioDeviceReadIOps":null,"BlkioDeviceWriteIOps":null,"CpuPeriod":0,"CpuQuota":0,"CpuRealtimePeriod":0,"CpuRealtimeRuntime":0,"CpusetCpus":"","CpusetMems":"","Devices":null,"DeviceCgroupRules":null,"DiskQuota":0,"KernelMemory":0,"MemoryReservation":0,"MemorySwap":0,"MemorySwappiness":-1,"OomKillDisable":false,"PidsLimit":0,"Ulimits":[{"Name":"nofile","Hard":1024,"Soft":1024}],"CpuCount":0,"CpuPercent":0,"IOMaximumIOps":0,"IOMaximumBandwidth":0},"GraphDriver":{"Data":null,"Name":"btrfs"},"Mounts":[],"Config":{"Hostname":"5269e9600fec","Domainname":"","User":"","AttachStdin":false,"AttachStdout":false,"AttachStderr":false,"Tty":false,"OpenStdin":false,"StdinOnce":false,"Env":["PATH=/usr/local/bin:/usr/local/sbin:/usr/bin:/usr/sbin:/bin:/sbin","LANG=en_US.UTF-8","DEBIAN_FRONTEND=noninteractive  "],"Cmd":["/bin/bash"],"Image":"pangea/ubuntu:vivid","Volumes":null,"WorkingDir":"/","Entrypoint":null,"OnBuild":null,"Labels":{}},"NetworkSettings":{"Bridge":"","SandboxID":"","HairpinMode":false,"LinkLocalIPv6Address":"","LinkLocalIPv6PrefixLen":0,"Ports":{},"SandboxKey":"","SecondaryIPAddresses":null,"SecondaryIPv6Addresses":null,"EndpointID":"","Gateway":"","GlobalIPv6Address":"","GlobalIPv6PrefixLen":0,"IPAddress":"","IPPrefixLen":0,"IPv6Gateway":"","MacAddress":"","Networks":{"bridge":{"IPAMConfig":null,"Links":null,"Aliases":null,"NetworkID":"","EndpointID":"","Gateway":"","IPAddress":"","IPPrefixLen":0,"IPv6Gateway":"","GlobalIPv6Address":"","GlobalIPv6PrefixLen":0,"MacAddress":""}}}}

'
    http_version: 
  recorded_at: Mon, 15 Jan 2018 11:27:54 GMT
- request:
    method: delete
    uri: unix:///var/run/docker.sock/v1.24/containers/5269e9600fecfe4789fc3d949f97750e1b2f85010af1682b67747cbed07dde06?force=true
    body:
      encoding: US-ASCII
      string: ''
    headers:
      User-Agent:
      - Swipely/Docker-API 1.34.0
      Content-Type:
      - text/plain
  response:
    status:
      code: 204
      message: 
    headers:
      Api-Version:
      - '1.29'
      Docker-Experimental:
      - 'false'
      Ostype:
      - linux
      Server:
      - Docker/17.05.0-ce (linux)
      Date:
      - Mon, 15 Jan 2018 11:27:54 GMT
    body:
      encoding: ASCII-8BIT
      string: ''
    http_version: 
  recorded_at: Mon, 15 Jan 2018 11:27:54 GMT
recorded_with: VCR 4.0.0
