---
http_interactions:
- request:
    method: get
    uri: unix:///var/run/docker.sock/v1.24/containers/vivid_unstable_test/json
    body:
      encoding: US-ASCII
      string: ''
    headers:
      User-Agent:
      - Swipely/Docker-API 1.33.4
      Content-Type:
      - text/plain
  response:
    status:
      code: 404
      message: 
    headers:
      Api-Version:
      - '1.29'
      Content-Type:
      - application/json
      Docker-Experimental:
      - 'false'
      Ostype:
      - linux
      Server:
      - Docker/17.05.0-ce-rc3 (linux)
      Date:
      - Wed, 24 May 2017 15:06:54 GMT
      Content-Length:
      - '53'
    body:
      encoding: ASCII-8BIT
      string: '{"message":"No such container: vivid_unstable_test"}

'
    http_version: 
  recorded_at: Wed, 24 May 2017 15:06:54 GMT
- request:
    method: get
    uri: unix:///var/run/docker.sock/v1.24/containers/vivid_unstable_test/json
    body:
      encoding: US-ASCII
      string: ''
    headers:
      User-Agent:
      - Swipely/Docker-API 1.33.4
      Content-Type:
      - text/plain
  response:
    status:
      code: 404
      message: 
    headers:
      Api-Version:
      - '1.29'
      Content-Type:
      - application/json
      Docker-Experimental:
      - 'false'
      Ostype:
      - linux
      Server:
      - Docker/17.05.0-ce-rc3 (linux)
      Date:
      - Wed, 24 May 2017 15:06:54 GMT
      Content-Length:
      - '53'
    body:
      encoding: ASCII-8BIT
      string: '{"message":"No such container: vivid_unstable_test"}

'
    http_version: 
  recorded_at: Wed, 24 May 2017 15:06:54 GMT
- request:
    method: get
    uri: unix:///var/run/docker.sock/v1.24/containers/vivid_unstable_test/json
    body:
      encoding: US-ASCII
      string: ''
    headers:
      User-Agent:
      - Swipely/Docker-API 1.33.4
      Content-Type:
      - text/plain
  response:
    status:
      code: 404
      message: 
    headers:
      Api-Version:
      - '1.29'
      Content-Type:
      - application/json
      Docker-Experimental:
      - 'false'
      Ostype:
      - linux
      Server:
      - Docker/17.05.0-ce-rc3 (linux)
      Date:
      - Wed, 24 May 2017 15:06:54 GMT
      Content-Length:
      - '53'
    body:
      encoding: ASCII-8BIT
      string: '{"message":"No such container: vivid_unstable_test"}

'
    http_version: 
  recorded_at: Wed, 24 May 2017 15:06:54 GMT
- request:
    method: get
    uri: unix:///var/run/docker.sock/v1.24/containers/vivid_unstable_test/json
    body:
      encoding: US-ASCII
      string: ''
    headers:
      User-Agent:
      - Swipely/Docker-API 1.33.4
      Content-Type:
      - text/plain
  response:
    status:
      code: 404
      message: 
    headers:
      Api-Version:
      - '1.29'
      Content-Type:
      - application/json
      Docker-Experimental:
      - 'false'
      Ostype:
      - linux
      Server:
      - Docker/17.05.0-ce-rc3 (linux)
      Date:
      - Wed, 24 May 2017 15:06:54 GMT
      Content-Length:
      - '53'
    body:
      encoding: ASCII-8BIT
      string: '{"message":"No such container: vivid_unstable_test"}

'
    http_version: 
  recorded_at: Wed, 24 May 2017 15:06:54 GMT
- request:
    method: get
    uri: unix:///var/run/docker.sock/v1.24/containers/vivid_unstable_test/json
    body:
      encoding: US-ASCII
      string: ''
    headers:
      User-Agent:
      - Swipely/Docker-API 1.33.4
      Content-Type:
      - text/plain
  response:
    status:
      code: 404
      message: 
    headers:
      Api-Version:
      - '1.29'
      Content-Type:
      - application/json
      Docker-Experimental:
      - 'false'
      Ostype:
      - linux
      Server:
      - Docker/17.05.0-ce-rc3 (linux)
      Date:
      - Wed, 24 May 2017 15:06:54 GMT
      Content-Length:
      - '53'
    body:
      encoding: ASCII-8BIT
      string: '{"message":"No such container: vivid_unstable_test"}

'
    http_version: 
  recorded_at: Wed, 24 May 2017 15:06:54 GMT
- request:
    method: get
    uri: unix:///var/run/docker.sock/v1.24/containers/vivid_unstable_test/json
    body:
      encoding: US-ASCII
      string: ''
    headers:
      User-Agent:
      - Swipely/Docker-API 1.33.4
      Content-Type:
      - text/plain
  response:
    status:
      code: 404
      message: 
    headers:
      Api-Version:
      - '1.29'
      Content-Type:
      - application/json
      Docker-Experimental:
      - 'false'
      Ostype:
      - linux
      Server:
      - Docker/17.05.0-ce-rc3 (linux)
      Date:
      - Wed, 24 May 2017 15:06:54 GMT
      Content-Length:
      - '53'
    body:
      encoding: ASCII-8BIT
      string: '{"message":"No such container: vivid_unstable_test"}

'
    http_version: 
  recorded_at: Wed, 24 May 2017 15:06:54 GMT
- request:
    method: get
    uri: unix:///var/run/docker.sock/v1.24/containers/vivid_unstable_test/json
    body:
      encoding: US-ASCII
      string: ''
    headers:
      User-Agent:
      - Swipely/Docker-API 1.33.4
      Content-Type:
      - text/plain
  response:
    status:
      code: 404
      message: 
    headers:
      Api-Version:
      - '1.29'
      Content-Type:
      - application/json
      Docker-Experimental:
      - 'false'
      Ostype:
      - linux
      Server:
      - Docker/17.05.0-ce-rc3 (linux)
      Date:
      - Wed, 24 May 2017 15:06:54 GMT
      Content-Length:
      - '53'
    body:
      encoding: ASCII-8BIT
      string: '{"message":"No such container: vivid_unstable_test"}

'
    http_version: 
  recorded_at: Wed, 24 May 2017 15:06:54 GMT
- request:
    method: get
    uri: unix:///var/run/docker.sock/v1.24/containers/vivid_unstable_test/json
    body:
      encoding: US-ASCII
      string: ''
    headers:
      User-Agent:
      - Swipely/Docker-API 1.33.4
      Content-Type:
      - text/plain
  response:
    status:
      code: 404
      message: 
    headers:
      Api-Version:
      - '1.29'
      Content-Type:
      - application/json
      Docker-Experimental:
      - 'false'
      Ostype:
      - linux
      Server:
      - Docker/17.05.0-ce-rc3 (linux)
      Date:
      - Wed, 24 May 2017 15:06:54 GMT
      Content-Length:
      - '53'
    body:
      encoding: ASCII-8BIT
      string: '{"message":"No such container: vivid_unstable_test"}

'
    http_version: 
  recorded_at: Wed, 24 May 2017 15:06:54 GMT
- request:
    method: post
    uri: unix:///var/run/docker.sock/v1.24/containers/create
    body:
      encoding: UTF-8
      string: '{"Image":"pangea/ubuntu:vivid","HostConfig":{"Privileged":false,"Ulimits":[{"Name":"nofile","Soft":1024,"Hard":1024}],"Binds":[]},"Cmd":["bash","-c","echo
        vivid_unstable_test"],"WorkingDir":"/","Env":["PATH=/usr/local/bin:/usr/local/sbin:/usr/bin:/usr/sbin:/bin:/sbin","LANG=en_US.UTF-8","DEBIAN_FRONTEND=noninteractive  "],"Volumes":{}}'
    headers:
      User-Agent:
      - Swipely/Docker-API 1.33.4
      Content-Type:
      - application/json
  response:
    status:
      code: 201
      message: 
    headers:
      Api-Version:
      - '1.29'
      Content-Type:
      - application/json
      Docker-Experimental:
      - 'false'
      Ostype:
      - linux
      Server:
      - Docker/17.05.0-ce-rc3 (linux)
      Date:
      - Wed, 24 May 2017 15:06:54 GMT
      Content-Length:
      - '90'
    body:
      encoding: ASCII-8BIT
      string: '{"Id":"92ace444c7fea749891edb2ec98c4e28874a5f937d64f51ab613e07844f2db70","Warnings":null}

'
    http_version: 
  recorded_at: Wed, 24 May 2017 15:06:54 GMT
- request:
    method: post
    uri: unix:///var/run/docker.sock/v1.24/containers/92ace444c7fea749891edb2ec98c4e28874a5f937d64f51ab613e07844f2db70/rename?name=vivid_unstable_test
    body:
      encoding: US-ASCII
      string: ''
    headers:
      User-Agent:
      - Swipely/Docker-API 1.33.4
      Content-Type:
      - text/plain
  response:
    status:
      code: 204
      message: 
    headers:
      Api-Version:
      - '1.29'
      Docker-Experimental:
      - 'false'
      Ostype:
      - linux
      Server:
      - Docker/17.05.0-ce-rc3 (linux)
      Date:
      - Wed, 24 May 2017 15:06:54 GMT
    body:
      encoding: ASCII-8BIT
      string: ''
    http_version: 
  recorded_at: Wed, 24 May 2017 15:06:54 GMT
- request:
    method: post
    uri: unix:///var/run/docker.sock/v1.24/containers/92ace444c7fea749891edb2ec98c4e28874a5f937d64f51ab613e07844f2db70/start
    body:
      encoding: UTF-8
      string: "{}"
    headers:
      User-Agent:
      - Swipely/Docker-API 1.33.4
      Content-Type:
      - application/json
  response:
    status:
      code: 204
      message: 
    headers:
      Api-Version:
      - '1.29'
      Docker-Experimental:
      - 'false'
      Ostype:
      - linux
      Server:
      - Docker/17.05.0-ce-rc3 (linux)
      Date:
      - Wed, 24 May 2017 15:06:54 GMT
    body:
      encoding: ASCII-8BIT
      string: ''
    http_version: 
  recorded_at: Wed, 24 May 2017 15:06:54 GMT
- request:
    method: post
    uri: unix:///var/run/docker.sock/v1.24/containers/92ace444c7fea749891edb2ec98c4e28874a5f937d64f51ab613e07844f2db70/wait
    body:
      encoding: US-ASCII
      string: ''
    headers:
      User-Agent:
      - Swipely/Docker-API 1.33.4
      Content-Type:
      - text/plain
  response:
    status:
      code: 200
      message: 
    headers:
      Api-Version:
      - '1.29'
      Content-Type:
      - application/json
      Docker-Experimental:
      - 'false'
      Ostype:
      - linux
      Server:
      - Docker/17.05.0-ce-rc3 (linux)
      Date:
      - Wed, 24 May 2017 15:06:55 GMT
      Content-Length:
      - '17'
    body:
      encoding: ASCII-8BIT
      string: '{"StatusCode":0}

'
    http_version: 
  recorded_at: Wed, 24 May 2017 15:06:55 GMT
- request:
    method: post
    uri: unix:///var/run/docker.sock/v1.24/containers/92ace444c7fea749891edb2ec98c4e28874a5f937d64f51ab613e07844f2db70/stop
    body:
      encoding: UTF-8
      string: "{}"
    headers:
      User-Agent:
      - Swipely/Docker-API 1.33.4
      Content-Type:
      - application/json
  response:
    status:
      code: 304
      message: 
    headers:
      Api-Version:
      - '1.29'
      Docker-Experimental:
      - 'false'
      Ostype:
      - linux
      Server:
      - Docker/17.05.0-ce-rc3 (linux)
      Date:
      - Wed, 24 May 2017 15:06:55 GMT
    body:
      encoding: ASCII-8BIT
      string: ''
    http_version: 
  recorded_at: Wed, 24 May 2017 15:06:55 GMT
- request:
    method: get
    uri: unix:///var/run/docker.sock/v1.24/containers/92ace444c7fea749891edb2ec98c4e28874a5f937d64f51ab613e07844f2db70/json
    body:
      encoding: US-ASCII
      string: ''
    headers:
      User-Agent:
      - Swipely/Docker-API 1.33.4
      Content-Type:
      - text/plain
  response:
    status:
      code: 200
      message: 
    headers:
      Api-Version:
      - '1.29'
      Content-Type:
      - application/json
      Docker-Experimental:
      - 'false'
      Ostype:
      - linux
      Server:
      - Docker/17.05.0-ce-rc3 (linux)
      Date:
      - Wed, 24 May 2017 15:06:55 GMT
    body:
      encoding: ASCII-8BIT
      string: '{"Id":"92ace444c7fea749891edb2ec98c4e28874a5f937d64f51ab613e07844f2db70","Created":"2017-05-24T15:06:54.178181262Z","Path":"bash","Args":["-c","echo
        vivid_unstable_test"],"State":{"Status":"exited","Running":false,"Paused":false,"Restarting":false,"OOMKilled":false,"Dead":false,"Pid":0,"ExitCode":0,"Error":"","StartedAt":"2017-05-24T15:06:54.723366231Z","FinishedAt":"2017-05-24T15:06:54.849247803Z"},"Image":"sha256:d1b55fd07600b2e26d667434f414beee12b0771dfd4a2c7b5ed6f2fc9e683b43","ResolvConfPath":"/var/lib/docker/containers/92ace444c7fea749891edb2ec98c4e28874a5f937d64f51ab613e07844f2db70/resolv.conf","HostnamePath":"/var/lib/docker/containers/92ace444c7fea749891edb2ec98c4e28874a5f937d64f51ab613e07844f2db70/hostname","HostsPath":"/var/lib/docker/containers/92ace444c7fea749891edb2ec98c4e28874a5f937d64f51ab613e07844f2db70/hosts","LogPath":"/var/lib/docker/containers/92ace444c7fea749891edb2ec98c4e28874a5f937d64f51ab613e07844f2db70/92ace444c7fea749891edb2ec98c4e28874a5f937d64f51ab613e07844f2db70-json.log","Name":"/vivid_unstable_test","RestartCount":0,"Driver":"overlay2","MountLabel":"","ProcessLabel":"","AppArmorProfile":"","ExecIDs":null,"HostConfig":{"Binds":[],"ContainerIDFile":"","LogConfig":{"Type":"json-file","Config":{}},"NetworkMode":"default","PortBindings":null,"RestartPolicy":{"Name":"","MaximumRetryCount":0},"AutoRemove":false,"VolumeDriver":"","VolumesFrom":null,"CapAdd":null,"CapDrop":null,"Dns":null,"DnsOptions":null,"DnsSearch":null,"ExtraHosts":null,"GroupAdd":null,"IpcMode":"","Cgroup":"","Links":null,"OomScoreAdj":0,"PidMode":"","Privileged":false,"PublishAllPorts":false,"ReadonlyRootfs":false,"SecurityOpt":null,"UTSMode":"","UsernsMode":"","ShmSize":67108864,"Runtime":"runc","ConsoleSize":[0,0],"Isolation":"","CpuShares":0,"Memory":0,"NanoCpus":0,"CgroupParent":"","BlkioWeight":0,"BlkioWeightDevice":null,"BlkioDeviceReadBps":null,"BlkioDeviceWriteBps":null,"BlkioDeviceReadIOps":null,"BlkioDeviceWriteIOps":null,"CpuPeriod":0,"CpuQuota":0,"CpuRealtimePeriod":0,"CpuRealtimeRuntime":0,"CpusetCpus":"","CpusetMems":"","Devices":null,"DeviceCgroupRules":null,"DiskQuota":0,"KernelMemory":0,"MemoryReservation":0,"MemorySwap":0,"MemorySwappiness":-1,"OomKillDisable":false,"PidsLimit":0,"Ulimits":[{"Name":"nofile","Hard":1024,"Soft":1024}],"CpuCount":0,"CpuPercent":0,"IOMaximumIOps":0,"IOMaximumBandwidth":0},"GraphDriver":{"Data":{"LowerDir":"/var/lib/docker/overlay2/42402313ec8ea435df4d3ae69cece0803e75ea464b745c54d2817a127561cf24-init/diff:/var/lib/docker/overlay2/57d687f2a0547ea6334546db75476f998fef16197fd651f77981e91da69a717e/diff:/var/lib/docker/overlay2/d477e9941fc26b539a5e74707de0046899d5547dfb06181e73fba94454a5dff9/diff:/var/lib/docker/overlay2/d8293da27fd8f9d6618770c9297241ba69b68e40f62ae99e75c4270eaf6bcba0/diff:/var/lib/docker/overlay2/784d890ca9702ff3b098ad1a1c92d9b01db6ec310afe364d90e364afd2d16ade/diff","MergedDir":"/var/lib/docker/overlay2/42402313ec8ea435df4d3ae69cece0803e75ea464b745c54d2817a127561cf24/merged","UpperDir":"/var/lib/docker/overlay2/42402313ec8ea435df4d3ae69cece0803e75ea464b745c54d2817a127561cf24/diff","WorkDir":"/var/lib/docker/overlay2/42402313ec8ea435df4d3ae69cece0803e75ea464b745c54d2817a127561cf24/work"},"Name":"overlay2"},"Mounts":[],"Config":{"Hostname":"92ace444c7fe","Domainname":"","User":"","AttachStdin":false,"AttachStdout":false,"AttachStderr":false,"Tty":false,"OpenStdin":false,"StdinOnce":false,"Env":["PATH=/usr/local/bin:/usr/local/sbin:/usr/bin:/usr/sbin:/bin:/sbin","LANG=en_US.UTF-8","DEBIAN_FRONTEND=noninteractive  "],"Cmd":["bash","-c","echo
        vivid_unstable_test"],"Image":"pangea/ubuntu:vivid","Volumes":null,"WorkingDir":"/","Entrypoint":null,"OnBuild":null,"Labels":{}},"NetworkSettings":{"Bridge":"","SandboxID":"78ccfec472ce175fc2d8b74715ef1cc89e8bfdff007f403ec585efc219f5146f","HairpinMode":false,"LinkLocalIPv6Address":"","LinkLocalIPv6PrefixLen":0,"Ports":{},"SandboxKey":"/var/run/docker/netns/78ccfec472ce","SecondaryIPAddresses":null,"SecondaryIPv6Addresses":null,"EndpointID":"","Gateway":"","GlobalIPv6Address":"","GlobalIPv6PrefixLen":0,"IPAddress":"","IPPrefixLen":0,"IPv6Gateway":"","MacAddress":"","Networks":{"bridge":{"IPAMConfig":null,"Links":null,"Aliases":null,"NetworkID":"aac1a917864b2631feceae6ca721bbbbcfaa7355608a9ca77c0a6ebf25017f89","EndpointID":"","Gateway":"","IPAddress":"","IPPrefixLen":0,"IPv6Gateway":"","GlobalIPv6Address":"","GlobalIPv6PrefixLen":0,"MacAddress":""}}}}

'
    http_version: 
  recorded_at: Wed, 24 May 2017 15:06:55 GMT
- request:
    method: delete
    uri: unix:///var/run/docker.sock/v1.24/containers/92ace444c7fea749891edb2ec98c4e28874a5f937d64f51ab613e07844f2db70
    body:
      encoding: US-ASCII
      string: ''
    headers:
      User-Agent:
      - Swipely/Docker-API 1.33.4
      Content-Type:
      - text/plain
  response:
    status:
      code: 204
      message: 
    headers:
      Api-Version:
      - '1.29'
      Docker-Experimental:
      - 'false'
      Ostype:
      - linux
      Server:
      - Docker/17.05.0-ce-rc3 (linux)
      Date:
      - Wed, 24 May 2017 15:07:00 GMT
    body:
      encoding: ASCII-8BIT
      string: ''
    http_version: 
  recorded_at: Wed, 24 May 2017 15:07:00 GMT
- request:
    method: get
    uri: unix:///var/run/docker.sock/v1.24/containers/vivid_unstable_test/json
    body:
      encoding: US-ASCII
      string: ''
    headers:
      User-Agent:
      - Swipely/Docker-API 1.33.4
      Content-Type:
      - text/plain
  response:
    status:
      code: 404
      message: 
    headers:
      Api-Version:
      - '1.29'
      Content-Type:
      - application/json
      Docker-Experimental:
      - 'false'
      Ostype:
      - linux
      Server:
      - Docker/17.05.0-ce-rc3 (linux)
      Date:
      - Wed, 24 May 2017 15:07:00 GMT
      Content-Length:
      - '53'
    body:
      encoding: ASCII-8BIT
      string: '{"message":"No such container: vivid_unstable_test"}

'
    http_version: 
  recorded_at: Wed, 24 May 2017 15:07:00 GMT
- request:
    method: get
    uri: unix:///var/run/docker.sock/v1.24/containers/vivid_unstable_test/json
    body:
      encoding: US-ASCII
      string: ''
    headers:
      User-Agent:
      - Swipely/Docker-API 1.33.4
      Content-Type:
      - text/plain
  response:
    status:
      code: 404
      message: 
    headers:
      Api-Version:
      - '1.29'
      Content-Type:
      - application/json
      Docker-Experimental:
      - 'false'
      Ostype:
      - linux
      Server:
      - Docker/17.05.0-ce-rc3 (linux)
      Date:
      - Wed, 24 May 2017 15:07:00 GMT
      Content-Length:
      - '53'
    body:
      encoding: ASCII-8BIT
      string: '{"message":"No such container: vivid_unstable_test"}

'
    http_version: 
  recorded_at: Wed, 24 May 2017 15:07:00 GMT
- request:
    method: get
    uri: unix:///var/run/docker.sock/v1.24/containers/vivid_unstable_test/json
    body:
      encoding: US-ASCII
      string: ''
    headers:
      User-Agent:
      - Swipely/Docker-API 1.33.4
      Content-Type:
      - text/plain
  response:
    status:
      code: 404
      message: 
    headers:
      Api-Version:
      - '1.29'
      Content-Type:
      - application/json
      Docker-Experimental:
      - 'false'
      Ostype:
      - linux
      Server:
      - Docker/17.05.0-ce-rc3 (linux)
      Date:
      - Wed, 24 May 2017 15:07:00 GMT
      Content-Length:
      - '53'
    body:
      encoding: ASCII-8BIT
      string: '{"message":"No such container: vivid_unstable_test"}

'
    http_version: 
  recorded_at: Wed, 24 May 2017 15:07:00 GMT
- request:
    method: get
    uri: unix:///var/run/docker.sock/v1.24/containers/vivid_unstable_test/json
    body:
      encoding: US-ASCII
      string: ''
    headers:
      User-Agent:
      - Swipely/Docker-API 1.33.4
      Content-Type:
      - text/plain
  response:
    status:
      code: 404
      message: 
    headers:
      Api-Version:
      - '1.29'
      Content-Type:
      - application/json
      Docker-Experimental:
      - 'false'
      Ostype:
      - linux
      Server:
      - Docker/17.05.0-ce-rc3 (linux)
      Date:
      - Wed, 24 May 2017 15:07:00 GMT
      Content-Length:
      - '53'
    body:
      encoding: ASCII-8BIT
      string: '{"message":"No such container: vivid_unstable_test"}

'
    http_version: 
  recorded_at: Wed, 24 May 2017 15:07:00 GMT
- request:
    method: post
    uri: unix:///var/run/docker.sock/v1.24/containers/create
    body:
      encoding: UTF-8
      string: '{"Image":"pangea/ubuntu:vivid","HostConfig":{"Privileged":false,"Ulimits":[{"Name":"nofile","Soft":1024,"Hard":1024}],"Binds":[]},"Cmd":["bash","-c","exit
        1"],"WorkingDir":"/","Env":["PATH=/usr/local/bin:/usr/local/sbin:/usr/bin:/usr/sbin:/bin:/sbin","LANG=en_US.UTF-8","DEBIAN_FRONTEND=noninteractive  "],"Volumes":{}}'
    headers:
      User-Agent:
      - Swipely/Docker-API 1.33.4
      Content-Type:
      - application/json
  response:
    status:
      code: 201
      message: 
    headers:
      Api-Version:
      - '1.29'
      Content-Type:
      - application/json
      Docker-Experimental:
      - 'false'
      Ostype:
      - linux
      Server:
      - Docker/17.05.0-ce-rc3 (linux)
      Date:
      - Wed, 24 May 2017 15:07:00 GMT
      Content-Length:
      - '90'
    body:
      encoding: ASCII-8BIT
      string: '{"Id":"0176c392be355313bc8858a24870d758d858995ae304524c7fce94217ebee77e","Warnings":null}

'
    http_version: 
  recorded_at: Wed, 24 May 2017 15:07:00 GMT
- request:
    method: post
    uri: unix:///var/run/docker.sock/v1.24/containers/0176c392be355313bc8858a24870d758d858995ae304524c7fce94217ebee77e/rename?name=vivid_unstable_test
    body:
      encoding: US-ASCII
      string: ''
    headers:
      User-Agent:
      - Swipely/Docker-API 1.33.4
      Content-Type:
      - text/plain
  response:
    status:
      code: 204
      message: 
    headers:
      Api-Version:
      - '1.29'
      Docker-Experimental:
      - 'false'
      Ostype:
      - linux
      Server:
      - Docker/17.05.0-ce-rc3 (linux)
      Date:
      - Wed, 24 May 2017 15:07:00 GMT
    body:
      encoding: ASCII-8BIT
      string: ''
    http_version: 
  recorded_at: Wed, 24 May 2017 15:07:00 GMT
- request:
    method: post
    uri: unix:///var/run/docker.sock/v1.24/containers/0176c392be355313bc8858a24870d758d858995ae304524c7fce94217ebee77e/start
    body:
      encoding: UTF-8
      string: "{}"
    headers:
      User-Agent:
      - Swipely/Docker-API 1.33.4
      Content-Type:
      - application/json
  response:
    status:
      code: 204
      message: 
    headers:
      Api-Version:
      - '1.29'
      Docker-Experimental:
      - 'false'
      Ostype:
      - linux
      Server:
      - Docker/17.05.0-ce-rc3 (linux)
      Date:
      - Wed, 24 May 2017 15:07:00 GMT
    body:
      encoding: ASCII-8BIT
      string: ''
    http_version: 
  recorded_at: Wed, 24 May 2017 15:07:00 GMT
- request:
    method: post
    uri: unix:///var/run/docker.sock/v1.24/containers/0176c392be355313bc8858a24870d758d858995ae304524c7fce94217ebee77e/wait
    body:
      encoding: US-ASCII
      string: ''
    headers:
      User-Agent:
      - Swipely/Docker-API 1.33.4
      Content-Type:
      - text/plain
  response:
    status:
      code: 200
      message: 
    headers:
      Api-Version:
      - '1.29'
      Content-Type:
      - application/json
      Docker-Experimental:
      - 'false'
      Ostype:
      - linux
      Server:
      - Docker/17.05.0-ce-rc3 (linux)
      Date:
      - Wed, 24 May 2017 15:07:01 GMT
      Content-Length:
      - '17'
    body:
      encoding: ASCII-8BIT
      string: '{"StatusCode":1}

'
    http_version: 
  recorded_at: Wed, 24 May 2017 15:07:01 GMT
- request:
    method: post
    uri: unix:///var/run/docker.sock/v1.24/containers/0176c392be355313bc8858a24870d758d858995ae304524c7fce94217ebee77e/stop
    body:
      encoding: UTF-8
      string: "{}"
    headers:
      User-Agent:
      - Swipely/Docker-API 1.33.4
      Content-Type:
      - application/json
  response:
    status:
      code: 304
      message: 
    headers:
      Api-Version:
      - '1.29'
      Docker-Experimental:
      - 'false'
      Ostype:
      - linux
      Server:
      - Docker/17.05.0-ce-rc3 (linux)
      Date:
      - Wed, 24 May 2017 15:07:01 GMT
    body:
      encoding: ASCII-8BIT
      string: ''
    http_version: 
  recorded_at: Wed, 24 May 2017 15:07:01 GMT
- request:
    method: get
    uri: unix:///var/run/docker.sock/v1.24/containers/0176c392be355313bc8858a24870d758d858995ae304524c7fce94217ebee77e/json
    body:
      encoding: US-ASCII
      string: ''
    headers:
      User-Agent:
      - Swipely/Docker-API 1.33.4
      Content-Type:
      - text/plain
  response:
    status:
      code: 200
      message: 
    headers:
      Api-Version:
      - '1.29'
      Content-Type:
      - application/json
      Docker-Experimental:
      - 'false'
      Ostype:
      - linux
      Server:
      - Docker/17.05.0-ce-rc3 (linux)
      Date:
      - Wed, 24 May 2017 15:07:01 GMT
    body:
      encoding: ASCII-8BIT
      string: '{"Id":"0176c392be355313bc8858a24870d758d858995ae304524c7fce94217ebee77e","Created":"2017-05-24T15:07:00.258235833Z","Path":"bash","Args":["-c","exit
        1"],"State":{"Status":"exited","Running":false,"Paused":false,"Restarting":false,"OOMKilled":false,"Dead":false,"Pid":0,"ExitCode":1,"Error":"","StartedAt":"2017-05-24T15:07:00.842156159Z","FinishedAt":"2017-05-24T15:07:00.95358081Z"},"Image":"sha256:d1b55fd07600b2e26d667434f414beee12b0771dfd4a2c7b5ed6f2fc9e683b43","ResolvConfPath":"/var/lib/docker/containers/0176c392be355313bc8858a24870d758d858995ae304524c7fce94217ebee77e/resolv.conf","HostnamePath":"/var/lib/docker/containers/0176c392be355313bc8858a24870d758d858995ae304524c7fce94217ebee77e/hostname","HostsPath":"/var/lib/docker/containers/0176c392be355313bc8858a24870d758d858995ae304524c7fce94217ebee77e/hosts","LogPath":"/var/lib/docker/containers/0176c392be355313bc8858a24870d758d858995ae304524c7fce94217ebee77e/0176c392be355313bc8858a24870d758d858995ae304524c7fce94217ebee77e-json.log","Name":"/vivid_unstable_test","RestartCount":0,"Driver":"overlay2","MountLabel":"","ProcessLabel":"","AppArmorProfile":"","ExecIDs":null,"HostConfig":{"Binds":[],"ContainerIDFile":"","LogConfig":{"Type":"json-file","Config":{}},"NetworkMode":"default","PortBindings":null,"RestartPolicy":{"Name":"","MaximumRetryCount":0},"AutoRemove":false,"VolumeDriver":"","VolumesFrom":null,"CapAdd":null,"CapDrop":null,"Dns":null,"DnsOptions":null,"DnsSearch":null,"ExtraHosts":null,"GroupAdd":null,"IpcMode":"","Cgroup":"","Links":null,"OomScoreAdj":0,"PidMode":"","Privileged":false,"PublishAllPorts":false,"ReadonlyRootfs":false,"SecurityOpt":null,"UTSMode":"","UsernsMode":"","ShmSize":67108864,"Runtime":"runc","ConsoleSize":[0,0],"Isolation":"","CpuShares":0,"Memory":0,"NanoCpus":0,"CgroupParent":"","BlkioWeight":0,"BlkioWeightDevice":null,"BlkioDeviceReadBps":null,"BlkioDeviceWriteBps":null,"BlkioDeviceReadIOps":null,"BlkioDeviceWriteIOps":null,"CpuPeriod":0,"CpuQuota":0,"CpuRealtimePeriod":0,"CpuRealtimeRuntime":0,"CpusetCpus":"","CpusetMems":"","Devices":null,"DeviceCgroupRules":null,"DiskQuota":0,"KernelMemory":0,"MemoryReservation":0,"MemorySwap":0,"MemorySwappiness":-1,"OomKillDisable":false,"PidsLimit":0,"Ulimits":[{"Name":"nofile","Hard":1024,"Soft":1024}],"CpuCount":0,"CpuPercent":0,"IOMaximumIOps":0,"IOMaximumBandwidth":0},"GraphDriver":{"Data":{"LowerDir":"/var/lib/docker/overlay2/6db3fc66f5220a03ffa6fea65085a6dc5dcbfede45f8b598d18686bd1cf0bd91-init/diff:/var/lib/docker/overlay2/57d687f2a0547ea6334546db75476f998fef16197fd651f77981e91da69a717e/diff:/var/lib/docker/overlay2/d477e9941fc26b539a5e74707de0046899d5547dfb06181e73fba94454a5dff9/diff:/var/lib/docker/overlay2/d8293da27fd8f9d6618770c9297241ba69b68e40f62ae99e75c4270eaf6bcba0/diff:/var/lib/docker/overlay2/784d890ca9702ff3b098ad1a1c92d9b01db6ec310afe364d90e364afd2d16ade/diff","MergedDir":"/var/lib/docker/overlay2/6db3fc66f5220a03ffa6fea65085a6dc5dcbfede45f8b598d18686bd1cf0bd91/merged","UpperDir":"/var/lib/docker/overlay2/6db3fc66f5220a03ffa6fea65085a6dc5dcbfede45f8b598d18686bd1cf0bd91/diff","WorkDir":"/var/lib/docker/overlay2/6db3fc66f5220a03ffa6fea65085a6dc5dcbfede45f8b598d18686bd1cf0bd91/work"},"Name":"overlay2"},"Mounts":[],"Config":{"Hostname":"0176c392be35","Domainname":"","User":"","AttachStdin":false,"AttachStdout":false,"AttachStderr":false,"Tty":false,"OpenStdin":false,"StdinOnce":false,"Env":["PATH=/usr/local/bin:/usr/local/sbin:/usr/bin:/usr/sbin:/bin:/sbin","LANG=en_US.UTF-8","DEBIAN_FRONTEND=noninteractive  "],"Cmd":["bash","-c","exit
        1"],"Image":"pangea/ubuntu:vivid","Volumes":null,"WorkingDir":"/","Entrypoint":null,"OnBuild":null,"Labels":{}},"NetworkSettings":{"Bridge":"","SandboxID":"cbccf462bf5d2a33be675be069029ee5f2cf04d259a4507a5643cd74bc7e920b","HairpinMode":false,"LinkLocalIPv6Address":"","LinkLocalIPv6PrefixLen":0,"Ports":{},"SandboxKey":"/var/run/docker/netns/cbccf462bf5d","SecondaryIPAddresses":null,"SecondaryIPv6Addresses":null,"EndpointID":"","Gateway":"","GlobalIPv6Address":"","GlobalIPv6PrefixLen":0,"IPAddress":"","IPPrefixLen":0,"IPv6Gateway":"","MacAddress":"","Networks":{"bridge":{"IPAMConfig":null,"Links":null,"Aliases":null,"NetworkID":"aac1a917864b2631feceae6ca721bbbbcfaa7355608a9ca77c0a6ebf25017f89","EndpointID":"","Gateway":"","IPAddress":"","IPPrefixLen":0,"IPv6Gateway":"","GlobalIPv6Address":"","GlobalIPv6PrefixLen":0,"MacAddress":""}}}}

'
    http_version: 
  recorded_at: Wed, 24 May 2017 15:07:01 GMT
- request:
    method: delete
    uri: unix:///var/run/docker.sock/v1.24/containers/0176c392be355313bc8858a24870d758d858995ae304524c7fce94217ebee77e
    body:
      encoding: US-ASCII
      string: ''
    headers:
      User-Agent:
      - Swipely/Docker-API 1.33.4
      Content-Type:
      - text/plain
  response:
    status:
      code: 204
      message: 
    headers:
      Api-Version:
      - '1.29'
      Docker-Experimental:
      - 'false'
      Ostype:
      - linux
      Server:
      - Docker/17.05.0-ce-rc3 (linux)
      Date:
      - Wed, 24 May 2017 15:07:06 GMT
    body:
      encoding: ASCII-8BIT
      string: ''
    http_version: 
  recorded_at: Wed, 24 May 2017 15:07:06 GMT
recorded_with: VCR 3.0.3
